Archive member included to satisfy reference by file (symbol)

/home/mingjun/work/tuyaos_update/TuyaOS/vendor/ln882h/toolchain/gcc-arm-none-eabi-10-2020-q4-major/bin/../lib/gcc/arm-none-eabi/10.2.1/../../../../arm-none-eabi/lib/thumb/v7e-m+fp/hard/libc_nano.a(lib_a-exit.o)
                              /home/mingjun/work/tuyaos_update/TuyaOS/vendor/ln882h/toolchain/gcc-arm-none-eabi-10-2020-q4-major/bin/../lib/gcc/arm-none-eabi/10.2.1/../../../../arm-none-eabi/lib/thumb/v7e-m+fp/hard/crt0.o (exit)
/home/mingjun/work/tuyaos_update/TuyaOS/vendor/ln882h/toolchain/gcc-arm-none-eabi-10-2020-q4-major/bin/../lib/gcc/arm-none-eabi/10.2.1/../../../../arm-none-eabi/lib/thumb/v7e-m+fp/hard/libc_nano.a(lib_a-impure.o)
                              /home/mingjun/work/tuyaos_update/TuyaOS/vendor/ln882h/toolchain/gcc-arm-none-eabi-10-2020-q4-major/bin/../lib/gcc/arm-none-eabi/10.2.1/../../../../arm-none-eabi/lib/thumb/v7e-m+fp/hard/libc_nano.a(lib_a-exit.o) (_global_impure_ptr)
/home/mingjun/work/tuyaos_update/TuyaOS/vendor/ln882h/toolchain/gcc-arm-none-eabi-10-2020-q4-major/bin/../lib/gcc/arm-none-eabi/10.2.1/../../../../arm-none-eabi/lib/thumb/v7e-m+fp/hard/libc_nano.a(lib_a-init.o)
                              /home/mingjun/work/tuyaos_update/TuyaOS/vendor/ln882h/toolchain/gcc-arm-none-eabi-10-2020-q4-major/bin/../lib/gcc/arm-none-eabi/10.2.1/../../../../arm-none-eabi/lib/thumb/v7e-m+fp/hard/crt0.o (__libc_init_array)
/home/mingjun/work/tuyaos_update/TuyaOS/vendor/ln882h/toolchain/gcc-arm-none-eabi-10-2020-q4-major/bin/../lib/gcc/arm-none-eabi/10.2.1/../../../../arm-none-eabi/lib/thumb/v7e-m+fp/hard/libc_nano.a(lib_a-malloc.o)
                              output/tuya_boot_conf.o (malloc)
/home/mingjun/work/tuyaos_update/TuyaOS/vendor/ln882h/toolchain/gcc-arm-none-eabi-10-2020-q4-major/bin/../lib/gcc/arm-none-eabi/10.2.1/../../../../arm-none-eabi/lib/thumb/v7e-m+fp/hard/libc_nano.a(lib_a-memcmp.o)
                              output/xz_dec_stream.o (memcmp)
/home/mingjun/work/tuyaos_update/TuyaOS/vendor/ln882h/toolchain/gcc-arm-none-eabi-10-2020-q4-major/bin/../lib/gcc/arm-none-eabi/10.2.1/../../../../arm-none-eabi/lib/thumb/v7e-m+fp/hard/libc_nano.a(lib_a-memcpy-stub.o)
                              output/hal_flash.o (memcpy)
/home/mingjun/work/tuyaos_update/TuyaOS/vendor/ln882h/toolchain/gcc-arm-none-eabi-10-2020-q4-major/bin/../lib/gcc/arm-none-eabi/10.2.1/../../../../arm-none-eabi/lib/thumb/v7e-m+fp/hard/libc_nano.a(lib_a-memmove.o)
                              output/xz_dec_lzma2.o (memmove)
/home/mingjun/work/tuyaos_update/TuyaOS/vendor/ln882h/toolchain/gcc-arm-none-eabi-10-2020-q4-major/bin/../lib/gcc/arm-none-eabi/10.2.1/../../../../arm-none-eabi/lib/thumb/v7e-m+fp/hard/libc_nano.a(lib_a-memset.o)
                              /home/mingjun/work/tuyaos_update/TuyaOS/vendor/ln882h/toolchain/gcc-arm-none-eabi-10-2020-q4-major/bin/../lib/gcc/arm-none-eabi/10.2.1/../../../../arm-none-eabi/lib/thumb/v7e-m+fp/hard/crt0.o (memset)
/home/mingjun/work/tuyaos_update/TuyaOS/vendor/ln882h/toolchain/gcc-arm-none-eabi-10-2020-q4-major/bin/../lib/gcc/arm-none-eabi/10.2.1/../../../../arm-none-eabi/lib/thumb/v7e-m+fp/hard/libc_nano.a(lib_a-strcmp.o)
                              output/tuya_boot_conf.o (strcmp)
/home/mingjun/work/tuyaos_update/TuyaOS/vendor/ln882h/toolchain/gcc-arm-none-eabi-10-2020-q4-major/bin/../lib/gcc/arm-none-eabi/10.2.1/../../../../arm-none-eabi/lib/thumb/v7e-m+fp/hard/libc_nano.a(lib_a-strlen.o)
                              output/wrap_stdio.o (strlen)
/home/mingjun/work/tuyaos_update/TuyaOS/vendor/ln882h/toolchain/gcc-arm-none-eabi-10-2020-q4-major/bin/../lib/gcc/arm-none-eabi/10.2.1/../../../../arm-none-eabi/lib/thumb/v7e-m+fp/hard/libc_nano.a(lib_a-strncmp.o)
                              output/tuya_boot_ota.o (strncmp)
/home/mingjun/work/tuyaos_update/TuyaOS/vendor/ln882h/toolchain/gcc-arm-none-eabi-10-2020-q4-major/bin/../lib/gcc/arm-none-eabi/10.2.1/../../../../arm-none-eabi/lib/thumb/v7e-m+fp/hard/libc_nano.a(lib_a-strtol.o)
                              output/tuya_boot_flash_table.o (strtol)
/home/mingjun/work/tuyaos_update/TuyaOS/vendor/ln882h/toolchain/gcc-arm-none-eabi-10-2020-q4-major/bin/../lib/gcc/arm-none-eabi/10.2.1/../../../../arm-none-eabi/lib/thumb/v7e-m+fp/hard/libc_nano.a(lib_a-vsnprintf.o)
                              output/wrap_stdio.o (vsnprintf)
/home/mingjun/work/tuyaos_update/TuyaOS/vendor/ln882h/toolchain/gcc-arm-none-eabi-10-2020-q4-major/bin/../lib/gcc/arm-none-eabi/10.2.1/../../../../arm-none-eabi/lib/thumb/v7e-m+fp/hard/libc_nano.a(lib_a-ctype_.o)
                              /home/mingjun/work/tuyaos_update/TuyaOS/vendor/ln882h/toolchain/gcc-arm-none-eabi-10-2020-q4-major/bin/../lib/gcc/arm-none-eabi/10.2.1/../../../../arm-none-eabi/lib/thumb/v7e-m+fp/hard/libc_nano.a(lib_a-strtol.o) (_ctype_)
[...]
Memory Configuration

Name             Origin             Length             Attributes
FLASH            0x0000000000000000 0x0000000000006000 xr
RAM0             0x0000000020000000 0x0000000000040000 xrw
RETENTION        0x0000000020049c00 0x0000000000000400 xrw
CACHE_MEM        0x000000002004a000 0x0000000000008000 xrw
*default*        0x0000000000000000 0xffffffffffffffff

Linker script and memory map

LOAD /home/mingjun/work/tuyaos_update/TuyaOS/vendor/ln882h/toolchain/gcc-arm-none-eabi-10-2020-q4-major/bin/../lib/gcc/arm-none-eabi/10.2.1/thumb/v7e-m+fp/hard/crti.o
LOAD /home/mingjun/work/tuyaos_update/TuyaOS/vendor/ln882h/toolchain/gcc-arm-none-eabi-10-2020-q4-major/bin/../lib/gcc/arm-none-eabi/10.2.1/thumb/v7e-m+fp/hard/crtbegin.o
LOAD /home/mingjun/work/tuyaos_update/TuyaOS/vendor/ln882h/toolchain/gcc-arm-none-eabi-10-2020-q4-major/bin/../lib/gcc/arm-none-eabi/10.2.1/../../../../arm-none-eabi/lib/thumb/v7e-m+fp/hard/crt0.o
LOAD output/hal_cache.o
LOAD output/hal_dma.o
LOAD output/hal_flash.o
LOAD output/hal_qspi.o
LOAD output/hal_rtc.o
LOAD output/log.o
LOAD output/reboot_trace.o
LOAD output/wrap_stdio.o
LOAD output/hal_common.o
LOAD output/hal_clock.o
LOAD output/hal_gpio.o
LOAD output/hal_misc.o
LOAD output/hal_uart.o
LOAD output/system_ln882h.o
LOAD output/tuya_boot_check.o
LOAD output/tuya_boot_conf.o
LOAD output/tuya_boot_flash_table.o
LOAD output/tuya_boot_jump.o
LOAD output/tuya_boot_main.o
LOAD output/tuya_boot_ota.o
LOAD output/tuya_boot_perip_handle.o
LOAD output/heap_4.o
LOAD output/bl_memcmp.o
LOAD output/bl_vsnprintf.o
LOAD output/ecdsa.o
LOAD output/newlib_stub.o
LOAD output/sha256.o
LOAD output/adapter_mem.o
LOAD output/xz_crc32.o
LOAD output/xz_crc64.o
LOAD output/xz_dec_bcj.o
LOAD output/xz_dec_lzma2.o
LOAD output/xz_dec_stream.o
LOAD output/port_platform.o
LOAD output/startup_ln882h_gcc.o
LOAD output/port_peripheral.o
START GROUP
LOAD /home/mingjun/work/tuyaos_update/TuyaOS/vendor/ln882h/toolchain/gcc-arm-none-eabi-10-2020-q4-major/bin/../lib/gcc/arm-none-eabi/10.2.1/../../../../arm-none-eabi/lib/thumb/v7e-m+fp/hard/libc_nano.a
LOAD /home/mingjun/work/tuyaos_update/TuyaOS/vendor/ln882h/toolchain/gcc-arm-none-eabi-10-2020-q4-major/bin/../lib/gcc/arm-none-eabi/10.2.1/../../../../arm-none-eabi/lib/thumb/v7e-m+fp/hard/libm.a
LOAD /home/mingjun/work/tuyaos_update/TuyaOS/vendor/ln882h/toolchain/gcc-arm-none-eabi-10-2020-q4-major/bin/../lib/gcc/arm-none-eabi/10.2.1/../../../../arm-none-eabi/lib/thumb/v7e-m+fp/hard/libnosys.a
LOAD /home/mingjun/work/tuyaos_update/TuyaOS/vendor/ln882h/toolchain/gcc-arm-none-eabi-10-2020-q4-major/bin/../lib/gcc/arm-none-eabi/10.2.1/thumb/v7e-m+fp/hard/libgcc.a
END GROUP
START GROUP
LOAD /home/mingjun/work/tuyaos_update/TuyaOS/vendor/ln882h/toolchain/gcc-arm-none-eabi-10-2020-q4-major/bin/../lib/gcc/arm-none-eabi/10.2.1/thumb/v7e-m+fp/hard/libgcc.a
LOAD /home/mingjun/work/tuyaos_update/TuyaOS/vendor/ln882h/toolchain/gcc-arm-none-eabi-10-2020-q4-major/bin/../lib/gcc/arm-none-eabi/10.2.1/../../../../arm-none-eabi/lib/thumb/v7e-m+fp/hard/libc_nano.a
END GROUP
START GROUP
LOAD /home/mingjun/work/tuyaos_update/TuyaOS/vendor/ln882h/toolchain/gcc-arm-none-eabi-10-2020-q4-major/bin/../lib/gcc/arm-none-eabi/10.2.1/thumb/v7e-m+fp/hard/libgcc.a
LOAD /home/mingjun/work/tuyaos_update/TuyaOS/vendor/ln882h/toolchain/gcc-arm-none-eabi-10-2020-q4-major/bin/../lib/gcc/arm-none-eabi/10.2.1/../../../../arm-none-eabi/lib/thumb/v7e-m+fp/hard/libc_nano.a
LOAD /home/mingjun/work/tuyaos_update/TuyaOS/vendor/ln882h/toolchain/gcc-arm-none-eabi-10-2020-q4-major/bin/../lib/gcc/arm-none-eabi/10.2.1/../../../../arm-none-eabi/lib/thumb/v7e-m+fp/hard/libnosys.a
END GROUP
START GROUP
LOAD /home/mingjun/work/tuyaos_update/TuyaOS/vendor/ln882h/toolchain/gcc-arm-none-eabi-10-2020-q4-major/bin/../lib/gcc/arm-none-eabi/10.2.1/thumb/v7e-m+fp/hard/libgcc.a
LOAD /home/mingjun/work/tuyaos_update/TuyaOS/vendor/ln882h/toolchain/gcc-arm-none-eabi-10-2020-q4-major/bin/../lib/gcc/arm-none-eabi/10.2.1/../../../../arm-none-eabi/lib/thumb/v7e-m+fp/hard/libc_nano.a
LOAD /home/mingjun/work/tuyaos_update/TuyaOS/vendor/ln882h/toolchain/gcc-arm-none-eabi-10-2020-q4-major/bin/../lib/gcc/arm-none-eabi/10.2.1/../../../../arm-none-eabi/lib/thumb/v7e-m+fp/hard/libnosys.a
END GROUP
LOAD /home/mingjun/work/tuyaos_update/TuyaOS/vendor/ln882h/toolchain/gcc-arm-none-eabi-10-2020-q4-major/bin/../lib/gcc/arm-none-eabi/10.2.1/thumb/v7e-m+fp/hard/crtend.o
LOAD /home/mingjun/work/tuyaos_update/TuyaOS/vendor/ln882h/toolchain/gcc-arm-none-eabi-10-2020-q4-major/bin/../lib/gcc/arm-none-eabi/10.2.1/thumb/v7e-m+fp/hard/crtn.o

.text           0x0000000020000000     0x4644 load address 0x0000000000000000
                0x0000000020000000                __text_start__ = .
 *(.boot_header)
 .boot_header   0x0000000020000000       0x20 output/port_platform.o
                0x0000000020000000                boot_info
                0x0000000020000100                . = ALIGN (0x100)
 *fill*         0x0000000020000020       0xe0 
 *(.vectors)
 .vectors       0x0000000020000100      0x190 output/startup_ln882h_gcc.o
                0x0000000020000100                __Vectors
                0x0000000020000290                . = ALIGN (0x4)
 *(.text*)
 .text          0x0000000020000290       0x40 /home/mingjun/work/tuyaos_update/TuyaOS/vendor/ln882h/toolchain/gcc-arm-none-eabi-10-2020-q4-major/bin/../lib/gcc/arm-none-eabi/10.2.1/thumb/v7e-m+fp/hard/crtbegin.o
 .text.flash_cache_init
                0x00000000200002d0       0x9c output/hal_cache.o
                0x00000000200002d0                flash_cache_init
 .text.flash_cache_disable
                0x000000002000036c       0x24 output/hal_cache.o
                0x000000002000036c                flash_cache_disable
 .text.hal_flash_page_program_general
                0x0000000020000390       0x6c output/hal_flash.o
 .text.hal_flash_program_general
                0x00000000200003fc       0x84 output/hal_flash.o
 .text.hal_flash_init
                0x0000000020000480      0x194 output/hal_flash.o
                0x0000000020000480                hal_flash_init
 .text.hal_flash_read
                0x0000000020000614       0xac output/hal_flash.o
                0x0000000020000614                hal_flash_read
 .text.hal_flash_erase
                0x00000000200006c0      0x210 output/hal_flash.o
                0x00000000200006c0                hal_flash_erase
 .text.hal_flash_program
                0x00000000200008d0        0xc output/hal_flash.o
                0x00000000200008d0                hal_flash_program
 .text.hal_flash_quad_mode_enable
                0x00000000200008dc       0xc4 output/hal_flash.o
                0x00000000200008dc                hal_flash_quad_mode_enable
 .text.hal_qspi_init
                0x00000000200009a0       0x40 output/hal_qspi.o
                0x00000000200009a0                hal_qspi_init
 .text.hal_qspi_standard_read_byte
                0x00000000200009e0       0x84 output/hal_qspi.o
                0x00000000200009e0                hal_qspi_standard_read_byte
 .text.hal_qspi_standard_read_word
                0x0000000020000a64       0x9c output/hal_qspi.o
                0x0000000020000a64                hal_qspi_standard_read_word
 .text.hal_qspi_standard_write
                0x0000000020000b00       0x70 output/hal_qspi.o
                0x0000000020000b00                hal_qspi_standard_write
 .text.ln_chip_reboot
                0x0000000020000b70       0x24 output/reboot_trace.o
                0x0000000020000b70                ln_chip_reboot
 .text.hal_clock_init
                0x0000000020000b94       0xe0 output/hal_clock.o
                0x0000000020000b94                hal_clock_init
 .text.hal_clock_get_core_clk
                0x0000000020000c74        0xc output/hal_clock.o
                0x0000000020000c74                hal_clock_get_core_clk
 .text.hal_clock_get_apb0_clk
                0x0000000020000c80        0xc output/hal_clock.o
                0x0000000020000c80                hal_clock_get_apb0_clk
 .text.hal_gpio_pin_direction_set
                0x0000000020000c8c       0x1c output/hal_gpio.o
                0x0000000020000c8c                hal_gpio_pin_direction_set
 .text.hal_gpio_pin_afio_select
                0x0000000020000ca8      0x220 output/hal_gpio.o
                0x0000000020000ca8                hal_gpio_pin_afio_select
 .text.hal_gpio_pin_afio_en
                0x0000000020000ec8       0x60 output/hal_gpio.o
                0x0000000020000ec8                hal_gpio_pin_afio_en
 .text.hal_misc_awo_set_r_xtal40m_cap_bit
                0x0000000020000f28       0x10 output/hal_misc.o
                0x0000000020000f28                hal_misc_awo_set_r_xtal40m_cap_bit
 .text.hal_misc_awo_set_r_xtal40m_ibsel
                0x0000000020000f38       0x10 output/hal_misc.o
                0x0000000020000f38                hal_misc_awo_set_r_xtal40m_ibsel
 .text.hal_misc_awo_set_r_xtal40m_ldo_vbit
                0x0000000020000f48       0x10 output/hal_misc.o
                0x0000000020000f48                hal_misc_awo_set_r_xtal40m_ldo_vbit
 .text.hal_misc_awo_set_bod_vth
                0x0000000020000f58       0x10 output/hal_misc.o
                0x0000000020000f58                hal_misc_awo_set_bod_vth
 .text.hal_misc_awo_set_r_vtrim
                0x0000000020000f68       0x10 output/hal_misc.o
                0x0000000020000f68                hal_misc_awo_set_r_vtrim
 .text.hal_misc_awo_get_r_idle_reg
                0x0000000020000f78        0xc output/hal_misc.o
                0x0000000020000f78                hal_misc_awo_get_r_idle_reg
 .text.hal_misc_awo_set_o_cpu_sleep_counter_bp
                0x0000000020000f84       0x10 output/hal_misc.o
                0x0000000020000f84                hal_misc_awo_set_o_cpu_sleep_counter_bp
 .text.hal_misc_awo_set_ldo15_1_vset
                0x0000000020000f94       0x14 output/hal_misc.o
                0x0000000020000f94                hal_misc_awo_set_ldo15_1_vset
 .text.hal_misc_awo_set_ldo18_4_vset
                0x0000000020000fa8       0x14 output/hal_misc.o
                0x0000000020000fa8                hal_misc_awo_set_ldo18_4_vset
 .text.hal_misc_awo_set_ldo18_2_vset
                0x0000000020000fbc       0x14 output/hal_misc.o
                0x0000000020000fbc                hal_misc_awo_set_ldo18_2_vset
 .text.hal_misc_reset_all
                0x0000000020000fd0       0x18 output/hal_misc.o
                0x0000000020000fd0                hal_misc_reset_all
 .text.hal_misc_reset_uart0
                0x0000000020000fe8       0x16 output/hal_misc.o
                0x0000000020000fe8                hal_misc_reset_uart0
 *fill*         0x0000000020000ffe        0x2 
 .text.hal_uart_baudrate_set
                0x0000000020001000       0x4c output/hal_uart.o
                0x0000000020001000                hal_uart_baudrate_set
 .text.hal_uart_init
                0x000000002000104c       0xac output/hal_uart.o
                0x000000002000104c                hal_uart_init
 .text.hal_uart_tx_mode_en
                0x00000000200010f8        0xa output/hal_uart.o
                0x00000000200010f8                hal_uart_tx_mode_en
 .text.hal_uart_en
                0x0000000020001102        0xa output/hal_uart.o
                0x0000000020001102                hal_uart_en
 .text.hal_uart_send_data
                0x000000002000110c        0x4 output/hal_uart.o
                0x000000002000110c                hal_uart_send_data
 .text.hal_uart_flag_get
                0x0000000020001110        0xc output/hal_uart.o
                0x0000000020001110                hal_uart_flag_get
 .text.SystemInit
                0x000000002000111c       0x44 output/system_ln882h.o
                0x000000002000111c                SystemInit
 .text.SetSysClock
                0x0000000020001160       0x68 output/system_ln882h.o
                0x0000000020001160                SetSysClock
 .text.tuya_bl_sum_check
                0x00000000200011c8       0x22 output/tuya_boot_check.o
                0x00000000200011c8                tuya_bl_sum_check
 *fill*         0x00000000200011ea        0x2 
 .text.bl_conf_init
                0x00000000200011ec       0xd0 output/tuya_boot_conf.o
                0x00000000200011ec                bl_conf_init
 .text.bl_get_conf_val
                0x00000000200012bc       0x78 output/tuya_boot_conf.o
                0x00000000200012bc                bl_get_conf_val
 .text.bl_flash_table_init
                0x0000000020001334       0xfc output/tuya_boot_flash_table.o
                0x0000000020001334                bl_flash_table_init
 .text.bl_lookup_flash_table
                0x0000000020001430       0x94 output/tuya_boot_flash_table.o
                0x0000000020001430                bl_lookup_flash_table
 .text.bl_exec  0x00000000200014c4        0x8 output/tuya_boot_jump.o
                0x00000000200014c4                bl_exec
 .text.bl_exec_app
                0x00000000200014cc       0x24 output/tuya_boot_jump.o
                0x00000000200014cc                bl_exec_app
 .text.call_platform_after_startup
                0x00000000200014f0       0x10 output/tuya_boot_main.o
 .text.main     0x0000000020001500       0xdc output/tuya_boot_main.o
                0x0000000020001500                main
 .text.bl_do_upgrade
                0x00000000200015dc      0x5d8 output/tuya_boot_ota.o
                0x00000000200015dc                bl_do_upgrade
 .text.bl_peripheral_status_keep
                0x0000000020001bb4       0x98 output/tuya_boot_perip_handle.o
                0x0000000020001bb4                bl_peripheral_status_keep
 .text.bl_peripheral_remove
                0x0000000020001c4c       0x20 output/tuya_boot_perip_handle.o
                0x0000000020001c4c                bl_peripheral_remove
 .text.prvInsertBlockIntoFreeList
                0x0000000020001c6c       0x60 output/heap_4.o
 .text.pvPortMalloc
                0x0000000020001ccc      0x114 output/heap_4.o
                0x0000000020001ccc                pvPortMalloc
 .text.vPortFree
                0x0000000020001de0       0x4c output/heap_4.o
                0x0000000020001de0                vPortFree
 .text.xPortGetFreeHeapSize
                0x0000000020001e2c        0xc output/heap_4.o
                0x0000000020001e2c                xPortGetFreeHeapSize
 .text._malloc_r
                0x0000000020001e38        0xa output/newlib_stub.o
                0x0000000020001e38                _malloc_r
 .text._realloc_r
                0x0000000020001e42       0x38 output/newlib_stub.o
                0x0000000020001e42                _realloc_r
 .text._free_r  0x0000000020001e7a        0xe output/newlib_stub.o
                0x0000000020001e7a                _free_r
 .text.ty_adapt_malloc
                0x0000000020001e88        0x8 output/adapter_mem.o
                0x0000000020001e88                ty_adapt_malloc
 .text.ty_adapt_free
                0x0000000020001e90        0x8 output/adapter_mem.o
                0x0000000020001e90                ty_adapt_free
 .text.xz_crc32_init
                0x0000000020001e98       0x40 output/xz_crc32.o
                0x0000000020001e98                xz_crc32_init
 .text.xz_crc32
                0x0000000020001ed8       0x30 output/xz_crc32.o
                0x0000000020001ed8                xz_crc32
 .text.dict_repeat
                0x0000000020001f08       0x66 output/xz_dec_lzma2.o
 .text.lzma_len
                0x0000000020001f6e      0x136 output/xz_dec_lzma2.o
 .text.lzma_main
                0x00000000200020a4      0x660 output/xz_dec_lzma2.o
 .text.xz_dec_lzma2_run
                0x0000000020002704      0x4f6 output/xz_dec_lzma2.o
                0x0000000020002704                xz_dec_lzma2_run
 .text.xz_dec_lzma2_create
                0x0000000020002bfa       0x44 output/xz_dec_lzma2.o
                0x0000000020002bfa                xz_dec_lzma2_create
 .text.xz_dec_lzma2_reset
                0x0000000020002c3e       0x6a output/xz_dec_lzma2.o
                0x0000000020002c3e                xz_dec_lzma2_reset
 .text.xz_dec_lzma2_end
                0x0000000020002ca8       0x1a output/xz_dec_lzma2.o
                0x0000000020002ca8                xz_dec_lzma2_end
 .text.dec_vli  0x0000000020002cc2       0x6e output/xz_dec_stream.o
 .text.index_update
                0x0000000020002d30       0x28 output/xz_dec_stream.o
 .text.fill_temp
                0x0000000020002d58       0x50 output/xz_dec_stream.o
 .text.xz_dec_reset
                0x0000000020002da8       0x32 output/xz_dec_stream.o
                0x0000000020002da8                xz_dec_reset
 *fill*         0x0000000020002dda        0x2 
 .text.xz_dec_run
                0x0000000020002ddc      0x690 output/xz_dec_stream.o
                0x0000000020002ddc                xz_dec_run
 .text.xz_dec_init
                0x000000002000346c       0x38 output/xz_dec_stream.o
                0x000000002000346c                xz_dec_init
 .text.xz_dec_end
                0x00000000200034a4       0x18 output/xz_dec_stream.o
                0x00000000200034a4                xz_dec_end
 .text.port_log_init
                0x00000000200034bc       0x58 output/port_platform.o
                0x00000000200034bc                port_log_init
 .text.port_log_deinit
                0x0000000020003514       0x40 output/port_platform.o
                0x0000000020003514                port_log_deinit
 .text.port_bl_log
                0x0000000020003554       0x68 output/port_platform.o
                0x0000000020003554                port_bl_log
 .text.platform_init_hook
                0x00000000200035bc       0x54 output/port_platform.o
                0x00000000200035bc                platform_init_hook
 .text.platform_handle_after_startup
                0x0000000020003610        0x4 output/port_platform.o
                0x0000000020003610                platform_handle_after_startup
 .text.platform_perip_setup
                0x0000000020003614        0x2 output/port_platform.o
                0x0000000020003614                platform_perip_setup
 .text.platform_perip_remove
                0x0000000020003616        0x2 output/port_platform.o
                0x0000000020003616                platform_perip_remove
 .text.platform_check_ota_program
                0x0000000020003618       0x24 output/port_platform.o
                0x0000000020003618                platform_check_ota_program
 .text.platform_handle_after_ota
                0x000000002000363c        0x2 output/port_platform.o
                0x000000002000363c                platform_handle_after_ota
 .text.platform_do_jump
                0x000000002000363e       0x2a output/port_platform.o
                0x000000002000363e                platform_do_jump
 .text.platform_system_reboot
                0x0000000020003668        0x8 output/port_platform.o
                0x0000000020003668                platform_system_reboot
 .text.NMI_Handler
                0x0000000020003670        0x2 output/startup_ln882h_gcc.o
                0x0000000020003670                NMI_Handler
 .text.HardFault_Handler
                0x0000000020003672        0x2 output/startup_ln882h_gcc.o
                0x0000000020003672                HardFault_Handler
 .text.MemManage_Handler
                0x0000000020003674        0x2 output/startup_ln882h_gcc.o
                0x0000000020003674                MemManage_Handler
 .text.BusFault_Handler
                0x0000000020003676        0x2 output/startup_ln882h_gcc.o
                0x0000000020003676                BusFault_Handler
 .text.UsageFault_Handler
                0x0000000020003678        0x2 output/startup_ln882h_gcc.o
                0x0000000020003678                UsageFault_Handler
 .text.SVC_Handler
                0x000000002000367a        0x2 output/startup_ln882h_gcc.o
                0x000000002000367a                SVC_Handler
 .text.DebugMon_Handler
                0x000000002000367c        0x2 output/startup_ln882h_gcc.o
                0x000000002000367c                DebugMon_Handler
 .text.PendSV_Handler
                0x000000002000367e        0x2 output/startup_ln882h_gcc.o
                0x000000002000367e                PendSV_Handler
 .text.SysTick_Handler
                0x0000000020003680        0x2 output/startup_ln882h_gcc.o
                0x0000000020003680                SysTick_Handler
 .text.WDT_IRQHandler
                0x0000000020003682        0x2 output/startup_ln882h_gcc.o
                0x0000000020003682                WDT_IRQHandler
 .text.EXT_IRQHandler
                0x0000000020003684        0x2 output/startup_ln882h_gcc.o
                0x0000000020003684                EXT_IRQHandler
 .text.RTC_IRQHandler
                0x0000000020003686        0x2 output/startup_ln882h_gcc.o
                0x0000000020003686                RTC_IRQHandler
 .text.RFSLP_IRQHandler
                0x0000000020003688        0x2 output/startup_ln882h_gcc.o
                0x0000000020003688                RFSLP_IRQHandler
 .text.MAC_IRQHandler
                0x000000002000368a        0x2 output/startup_ln882h_gcc.o
                0x000000002000368a                MAC_IRQHandler
 .text.BLE_WAKE_IRQHandler
                0x000000002000368c        0x2 output/startup_ln882h_gcc.o
                0x000000002000368c                BLE_WAKE_IRQHandler
 .text.BLE_ERR_IRQHandler
                0x000000002000368e        0x2 output/startup_ln882h_gcc.o
                0x000000002000368e                BLE_ERR_IRQHandler
 .text.BLE_MAC_IRQHandler
                0x0000000020003690        0x2 output/startup_ln882h_gcc.o
                0x0000000020003690                BLE_MAC_IRQHandler
 .text.DMA_IRQHandler
                0x0000000020003692        0x2 output/startup_ln882h_gcc.o
                0x0000000020003692                DMA_IRQHandler
 .text.QSPI_IRQHandler
                0x0000000020003694        0x2 output/startup_ln882h_gcc.o
                0x0000000020003694                QSPI_IRQHandler
 .text.SDIO_F1_IRQHandler
                0x0000000020003696        0x2 output/startup_ln882h_gcc.o
                0x0000000020003696                SDIO_F1_IRQHandler
 .text.SDIO_F2_IRQHandler
                0x0000000020003698        0x2 output/startup_ln882h_gcc.o
                0x0000000020003698                SDIO_F2_IRQHandler
 .text.SDIO_F3_IRQHandler
                0x000000002000369a        0x2 output/startup_ln882h_gcc.o
                0x000000002000369a                SDIO_F3_IRQHandler
 .text.CM4_FPIXC_IRQHandler
                0x000000002000369c        0x2 output/startup_ln882h_gcc.o
                0x000000002000369c                CM4_FPIXC_IRQHandler
 .text.CM4_FPOFC_IRQHandler
                0x000000002000369e        0x2 output/startup_ln882h_gcc.o
                0x000000002000369e                CM4_FPOFC_IRQHandler
 .text.CM4_FPUFC_IRQHandler
                0x00000000200036a0        0x2 output/startup_ln882h_gcc.o
                0x00000000200036a0                CM4_FPUFC_IRQHandler
 .text.CM4_FPIOC_IRQHandler
                0x00000000200036a2        0x2 output/startup_ln882h_gcc.o
                0x00000000200036a2                CM4_FPIOC_IRQHandler
 .text.CM4_FPDZC_IRQHandler
                0x00000000200036a4        0x2 output/startup_ln882h_gcc.o
                0x00000000200036a4                CM4_FPDZC_IRQHandler
 .text.CM4_FPIDC_IRQHandler
                0x00000000200036a6        0x2 output/startup_ln882h_gcc.o
                0x00000000200036a6                CM4_FPIDC_IRQHandler
 .text.I2C_IRQHandler
                0x00000000200036a8        0x2 output/startup_ln882h_gcc.o
                0x00000000200036a8                I2C_IRQHandler
 .text.SPI0_IRQHandler
                0x00000000200036aa        0x2 output/startup_ln882h_gcc.o
                0x00000000200036aa                SPI0_IRQHandler
 .text.SPI1_IRQHandler
                0x00000000200036ac        0x2 output/startup_ln882h_gcc.o
                0x00000000200036ac                SPI1_IRQHandler
 .text.UART0_IRQHandler
                0x00000000200036ae        0x2 output/startup_ln882h_gcc.o
                0x00000000200036ae                UART0_IRQHandler
 .text.UART1_IRQHandler
                0x00000000200036b0        0x2 output/startup_ln882h_gcc.o
                0x00000000200036b0                UART1_IRQHandler
 .text.UART2_IRQHandler
                0x00000000200036b2        0x2 output/startup_ln882h_gcc.o
                0x00000000200036b2                UART2_IRQHandler
 .text.ADC_IRQHandler
                0x00000000200036b4        0x2 output/startup_ln882h_gcc.o
                0x00000000200036b4                ADC_IRQHandler
 .text.WS_IRQHandler
                0x00000000200036b6        0x2 output/startup_ln882h_gcc.o
                0x00000000200036b6                WS_IRQHandler
 .text.I2S_IRQHandler
                0x00000000200036b8        0x2 output/startup_ln882h_gcc.o
                0x00000000200036b8                I2S_IRQHandler
 .text.GPIOA_IRQHandler
                0x00000000200036ba        0x2 output/startup_ln882h_gcc.o
                0x00000000200036ba                GPIOA_IRQHandler
 .text.GPIOB_IRQHandler
                0x00000000200036bc        0x2 output/startup_ln882h_gcc.o
                0x00000000200036bc                GPIOB_IRQHandler
 .text.TIMER0_IRQHandler
                0x00000000200036be        0x2 output/startup_ln882h_gcc.o
                0x00000000200036be                TIMER0_IRQHandler
 .text.TIMER1_IRQHandler
                0x00000000200036c0        0x2 output/startup_ln882h_gcc.o
                0x00000000200036c0                TIMER1_IRQHandler
 .text.TIMER2_IRQHandler
                0x00000000200036c2        0x2 output/startup_ln882h_gcc.o
                0x00000000200036c2                TIMER2_IRQHandler
 .text.TIMER3_IRQHandler
                0x00000000200036c4        0x2 output/startup_ln882h_gcc.o
                0x00000000200036c4                TIMER3_IRQHandler
 .text.ADV_TIMER_IRQHandler
                0x00000000200036c6        0x2 output/startup_ln882h_gcc.o
                0x00000000200036c6                ADV_TIMER_IRQHandler
 .text.AES_IRQHandler
                0x00000000200036c8        0x2 output/startup_ln882h_gcc.o
                0x00000000200036c8                AES_IRQHandler
 .text.TRNG_IRQHandler
                0x00000000200036ca        0x2 output/startup_ln882h_gcc.o
                0x00000000200036ca                TRNG_IRQHandler
 .text.PAOTD_IRQHandler
                0x00000000200036cc        0x2 output/startup_ln882h_gcc.o
                0x00000000200036cc                PAOTD_IRQHandler
 *fill*         0x00000000200036ce        0x2 
 .text.Reset_Handler
                0x00000000200036d0       0x30 output/startup_ln882h_gcc.o
                0x00000000200036d0                Reset_Handler
 .text.port_flash_init
                0x0000000020003700        0xe output/port_peripheral.o
                0x0000000020003700                port_flash_init
 .text.port_flash_deinit
                0x000000002000370e        0x6 output/port_peripheral.o
                0x000000002000370e                port_flash_deinit
 .text.port_flash_read
                0x0000000020003714       0x18 output/port_peripheral.o
                0x0000000020003714                port_flash_read
 .text.port_flash_write
                0x000000002000372c       0x10 output/port_peripheral.o
                0x000000002000372c                port_flash_write
 .text.port_flash_erase
                0x000000002000373c        0xa output/port_peripheral.o
                0x000000002000373c                port_flash_erase
 *fill*         0x0000000020003746        0x2 
 .text.malloc   0x0000000020003748       0x10 /home/mingjun/work/tuyaos_update/TuyaOS/vendor/ln882h/toolchain/gcc-arm-none-eabi-10-2020-q4-major/bin/../lib/gcc/arm-none-eabi/10.2.1/../../../../arm-none-eabi/lib/thumb/v7e-m+fp/hard/libc_nano.a(lib_a-malloc.o)
                0x0000000020003748                malloc
 .text.free     0x0000000020003758       0x10 /home/mingjun/work/tuyaos_update/TuyaOS/vendor/ln882h/toolchain/gcc-arm-none-eabi-10-2020-q4-major/bin/../lib/gcc/arm-none-eabi/10.2.1/../../../../arm-none-eabi/lib/thumb/v7e-m+fp/hard/libc_nano.a(lib_a-malloc.o)
                0x0000000020003758                free
 .text.memcmp   0x0000000020003768       0x20 /home/mingjun/work/tuyaos_update/TuyaOS/vendor/ln882h/toolchain/gcc-arm-none-eabi-10-2020-q4-major/bin/../lib/gcc/arm-none-eabi/10.2.1/../../../../arm-none-eabi/lib/thumb/v7e-m+fp/hard/libc_nano.a(lib_a-memcmp.o)
                0x0000000020003768                memcmp
 .text.memcpy   0x0000000020003788       0x1c /home/mingjun/work/tuyaos_update/TuyaOS/vendor/ln882h/toolchain/gcc-arm-none-eabi-10-2020-q4-major/bin/../lib/gcc/arm-none-eabi/10.2.1/../../../../arm-none-eabi/lib/thumb/v7e-m+fp/hard/libc_nano.a(lib_a-memcpy-stub.o)
                0x0000000020003788                memcpy
 .text.memmove  0x00000000200037a4       0x34 /home/mingjun/work/tuyaos_update/TuyaOS/vendor/ln882h/toolchain/gcc-arm-none-eabi-10-2020-q4-major/bin/../lib/gcc/arm-none-eabi/10.2.1/../../../../arm-none-eabi/lib/thumb/v7e-m+fp/hard/libc_nano.a(lib_a-memmove.o)
                0x00000000200037a4                memmove
 .text.memset   0x00000000200037d8       0x10 /home/mingjun/work/tuyaos_update/TuyaOS/vendor/ln882h/toolchain/gcc-arm-none-eabi-10-2020-q4-major/bin/../lib/gcc/arm-none-eabi/10.2.1/../../../../arm-none-eabi/lib/thumb/v7e-m+fp/hard/libc_nano.a(lib_a-memset.o)
                0x00000000200037d8                memset
 .text          0x00000000200037e8       0x14 /home/mingjun/work/tuyaos_update/TuyaOS/vendor/ln882h/toolchain/gcc-arm-none-eabi-10-2020-q4-major/bin/../lib/gcc/arm-none-eabi/10.2.1/../../../../arm-none-eabi/lib/thumb/v7e-m+fp/hard/libc_nano.a(lib_a-strcmp.o)
                0x00000000200037e8                strcmp
 .text.strncmp  0x00000000200037fc       0x28 /home/mingjun/work/tuyaos_update/TuyaOS/vendor/ln882h/toolchain/gcc-arm-none-eabi-10-2020-q4-major/bin/../lib/gcc/arm-none-eabi/10.2.1/../../../../arm-none-eabi/lib/thumb/v7e-m+fp/hard/libc_nano.a(lib_a-strncmp.o)
                0x00000000200037fc                strncmp
 .text._strtol_l.constprop.0
                0x0000000020003824      0x104 /home/mingjun/work/tuyaos_update/TuyaOS/vendor/ln882h/toolchain/gcc-arm-none-eabi-10-2020-q4-major/bin/../lib/gcc/arm-none-eabi/10.2.1/../../../../arm-none-eabi/lib/thumb/v7e-m+fp/hard/libc_nano.a(lib_a-strtol.o)
 .text.strtol   0x0000000020003928       0x14 /home/mingjun/work/tuyaos_update/TuyaOS/vendor/ln882h/toolchain/gcc-arm-none-eabi-10-2020-q4-major/bin/../lib/gcc/arm-none-eabi/10.2.1/../../../../arm-none-eabi/lib/thumb/v7e-m+fp/hard/libc_nano.a(lib_a-strtol.o)
                0x0000000020003928                strtol
 .text._vsnprintf_r
                0x000000002000393c       0x56 /home/mingjun/work/tuyaos_update/TuyaOS/vendor/ln882h/toolchain/gcc-arm-none-eabi-10-2020-q4-major/bin/../lib/gcc/arm-none-eabi/10.2.1/../../../../arm-none-eabi/lib/thumb/v7e-m+fp/hard/libc_nano.a(lib_a-vsnprintf.o)
                0x000000002000393c                _vsnprintf_r
                0x000000002000393c                _vsniprintf_r
 *fill*         0x0000000020003992        0x2 
 .text.vsnprintf
                0x0000000020003994       0x1c /home/mingjun/work/tuyaos_update/TuyaOS/vendor/ln882h/toolchain/gcc-arm-none-eabi-10-2020-q4-major/bin/../lib/gcc/arm-none-eabi/10.2.1/../../../../arm-none-eabi/lib/thumb/v7e-m+fp/hard/libc_nano.a(lib_a-vsnprintf.o)
                0x0000000020003994                vsnprintf
                0x0000000020003994                vsniprintf
 .text.__errno  0x00000000200039b0        0xc /home/mingjun/work/tuyaos_update/TuyaOS/vendor/ln882h/toolchain/gcc-arm-none-eabi-10-2020-q4-major/bin/../lib/gcc/arm-none-eabi/10.2.1/../../../../arm-none-eabi/lib/thumb/v7e-m+fp/hard/libc_nano.a(lib_a-errno.o)
                0x00000000200039b0                __errno
 .text.__ssputs_r
                0x00000000200039bc       0xb6 /home/mingjun/work/tuyaos_update/TuyaOS/vendor/ln882h/toolchain/gcc-arm-none-eabi-10-2020-q4-major/bin/../lib/gcc/arm-none-eabi/10.2.1/../../../../arm-none-eabi/lib/thumb/v7e-m+fp/hard/libc_nano.a(lib_a-nano-svfprintf.o)
                0x00000000200039bc                __ssputs_r
 *fill*         0x0000000020003a72        0x2 
 .text._svfprintf_r
                0x0000000020003a74      0x200 /home/mingjun/work/tuyaos_update/TuyaOS/vendor/ln882h/toolchain/gcc-arm-none-eabi-10-2020-q4-major/bin/../lib/gcc/arm-none-eabi/10.2.1/../../../../arm-none-eabi/lib/thumb/v7e-m+fp/hard/libc_nano.a(lib_a-nano-svfprintf.o)
                0x0000000020003a74                _svfprintf_r
                0x0000000020003a74                _svfiprintf_r
 .text._printf_common
                0x0000000020003c74       0xda /home/mingjun/work/tuyaos_update/TuyaOS/vendor/ln882h/toolchain/gcc-arm-none-eabi-10-2020-q4-major/bin/../lib/gcc/arm-none-eabi/10.2.1/../../../../arm-none-eabi/lib/thumb/v7e-m+fp/hard/libc_nano.a(lib_a-nano-vfprintf_i.o)
                0x0000000020003c74                _printf_common
 *fill*         0x0000000020003d4e        0x2 
 .text._printf_i
                0x0000000020003d50      0x24c /home/mingjun/work/tuyaos_update/TuyaOS/vendor/ln882h/toolchain/gcc-arm-none-eabi-10-2020-q4-major/bin/../lib/gcc/arm-none-eabi/10.2.1/../../../../arm-none-eabi/lib/thumb/v7e-m+fp/hard/libc_nano.a(lib_a-nano-vfprintf_i.o)
                0x0000000020003d50                _printf_i
 *fill*         0x0000000020003f9c        0x4 
 .text          0x0000000020003fa0       0xa0 /home/mingjun/work/tuyaos_update/TuyaOS/vendor/ln882h/toolchain/gcc-arm-none-eabi-10-2020-q4-major/bin/../lib/gcc/arm-none-eabi/10.2.1/../../../../arm-none-eabi/lib/thumb/v7e-m+fp/hard/libc_nano.a(lib_a-memchr.o)
                0x0000000020003fa0                memchr
                0x0000000020004040                . = ALIGN (0x4)
 *(.rodata*)
 .rodata.bl_conf_init.str1.4
                0x0000000020004040       0x86 output/tuya_boot_conf.o
 *fill*         0x00000000200040c6        0x2 
 .rodata.bl_get_conf_val.str1.4
                0x00000000200040c8       0x21 output/tuya_boot_conf.o
 *fill*         0x00000000200040e9        0x3 
 .rodata.bl_flash_table_init.str1.4
                0x00000000200040ec       0xaa output/tuya_boot_flash_table.o
 *fill*         0x0000000020004196        0x2 
 .rodata.bl_exec_app.str1.4
                0x0000000020004198        0x4 output/tuya_boot_jump.o
 .rodata.main.str1.4
                0x000000002000419c       0x90 output/tuya_boot_main.o
 .rodata.bl_do_upgrade.str1.4
                0x000000002000422c      0x21b output/tuya_boot_ota.o
 *fill*         0x0000000020004447        0x1 
 .rodata.bl_peripheral_status_keep.str1.4
                0x0000000020004448       0x2e output/tuya_boot_perip_handle.o
 *fill*         0x0000000020004476        0x2 
 .rodata.xz_dec_run.str1.4
                0x0000000020004478        0xb output/xz_dec_stream.o
 .rodata._ctype_
                0x0000000020004483      0x101 /home/mingjun/work/tuyaos_update/TuyaOS/vendor/ln882h/toolchain/gcc-arm-none-eabi-10-2020-q4-major/bin/../lib/gcc/arm-none-eabi/10.2.1/../../../../arm-none-eabi/lib/thumb/v7e-m+fp/hard/libc_nano.a(lib_a-ctype_.o)
                0x0000000020004483                _ctype_
 .rodata._svfprintf_r.str1.1
                0x0000000020004584       0x11 /home/mingjun/work/tuyaos_update/TuyaOS/vendor/ln882h/toolchain/gcc-arm-none-eabi-10-2020-q4-major/bin/../lib/gcc/arm-none-eabi/10.2.1/../../../../arm-none-eabi/lib/thumb/v7e-m+fp/hard/libc_nano.a(lib_a-nano-svfprintf.o)
 .rodata._printf_i.str1.1
                0x0000000020004595       0x22 /home/mingjun/work/tuyaos_update/TuyaOS/vendor/ln882h/toolchain/gcc-arm-none-eabi-10-2020-q4-major/bin/../lib/gcc/arm-none-eabi/10.2.1/../../../../arm-none-eabi/lib/thumb/v7e-m+fp/hard/libc_nano.a(lib_a-nano-vfprintf_i.o)
                0x00000000200045b8                . = ALIGN (0x4)
 *fill*         0x00000000200045b7        0x1 
                0x00000000200045b8                PROVIDE (__preinit_array_start = .)
 *(.preinit_array)
                0x00000000200045b8                PROVIDE (__preinit_array_end = .)
                0x00000000200045b8                . = ALIGN (0x4)
                0x00000000200045b8                PROVIDE (__init_array_start = .)
 *(SORT_BY_NAME(.init_array.*))
 *(.init_array)
 .init_array    0x00000000200045b8        0x4 /home/mingjun/work/tuyaos_update/TuyaOS/vendor/ln882h/toolchain/gcc-arm-none-eabi-10-2020-q4-major/bin/../lib/gcc/arm-none-eabi/10.2.1/thumb/v7e-m+fp/hard/crtbegin.o
                0x00000000200045bc                PROVIDE (__init_array_end = .)
                0x00000000200045bc                . = ALIGN (0x4)
                [!provide]                        PROVIDE (__fini_array_start = .)
 *(SORT_BY_NAME(.fini_array.*))
 *(.fini_array)
 .fini_array    0x00000000200045bc        0x4 /home/mingjun/work/tuyaos_update/TuyaOS/vendor/ln882h/toolchain/gcc-arm-none-eabi-10-2020-q4-major/bin/../lib/gcc/arm-none-eabi/10.2.1/thumb/v7e-m+fp/hard/crtbegin.o
                [!provide]                        PROVIDE (__fini_array_end = .)
 *(.jcr*)
                0x00000000200045c0                . = ALIGN (0x4)
 *(.init)
 .init          0x00000000200045c0        0x4 /home/mingjun/work/tuyaos_update/TuyaOS/vendor/ln882h/toolchain/gcc-arm-none-eabi-10-2020-q4-major/bin/../lib/gcc/arm-none-eabi/10.2.1/thumb/v7e-m+fp/hard/crti.o
                0x00000000200045c0                _init
 .init          0x00000000200045c4        0x8 /home/mingjun/work/tuyaos_update/TuyaOS/vendor/ln882h/toolchain/gcc-arm-none-eabi-10-2020-q4-major/bin/../lib/gcc/arm-none-eabi/10.2.1/thumb/v7e-m+fp/hard/crtn.o
 *(.fini)
 .fini          0x00000000200045cc        0x4 /home/mingjun/work/tuyaos_update/TuyaOS/vendor/ln882h/toolchain/gcc-arm-none-eabi-10-2020-q4-major/bin/../lib/gcc/arm-none-eabi/10.2.1/thumb/v7e-m+fp/hard/crti.o
                0x00000000200045cc                _fini
 .fini          0x00000000200045d0        0x8 /home/mingjun/work/tuyaos_update/TuyaOS/vendor/ln882h/toolchain/gcc-arm-none-eabi-10-2020-q4-major/bin/../lib/gcc/arm-none-eabi/10.2.1/thumb/v7e-m+fp/hard/crtn.o
 *crtbegin.o(.ctors)
 *crtbegin?.o(.ctors)
 *(EXCLUDE_FILE(*crtend.o *crtend?.o) .ctors)
 *(SORT_BY_NAME(.ctors.*))
 *(.ctors)
 *crtbegin.o(.dtors)
 *crtbegin?.o(.dtors)
 *(EXCLUDE_FILE(*crtend.o *crtend?.o) .dtors)
 *(SORT_BY_NAME(.dtors.*))
 *(.dtors)
                0x00000000200045d8                . = ALIGN (0x4)
 *(.data)
 *(.data*)
 .data.SystemCoreClock
                0x00000000200045d8        0x4 output/system_ln882h.o
                0x00000000200045d8                SystemCoreClock
 .data._impure_ptr
                0x00000000200045dc        0x4 /home/mingjun/work/tuyaos_update/TuyaOS/vendor/ln882h/toolchain/gcc-arm-none-eabi-10-2020-q4-major/bin/../lib/gcc/arm-none-eabi/10.2.1/../../../../arm-none-eabi/lib/thumb/v7e-m+fp/hard/libc_nano.a(lib_a-impure.o)
                0x00000000200045dc                _impure_ptr
 .data.impure_data
                0x00000000200045e0       0x60 /home/mingjun/work/tuyaos_update/TuyaOS/vendor/ln882h/toolchain/gcc-arm-none-eabi-10-2020-q4-major/bin/../lib/gcc/arm-none-eabi/10.2.1/../../../../arm-none-eabi/lib/thumb/v7e-m+fp/hard/libc_nano.a(lib_a-impure.o)
                0x0000000020004640                . = ALIGN (0x4)
 *(.eh_frame*)
 .eh_frame      0x0000000020004640        0x0 /home/mingjun/work/tuyaos_update/TuyaOS/vendor/ln882h/toolchain/gcc-arm-none-eabi-10-2020-q4-major/bin/../lib/gcc/arm-none-eabi/10.2.1/thumb/v7e-m+fp/hard/crtbegin.o
 .eh_frame      0x0000000020004640        0x4 /home/mingjun/work/tuyaos_update/TuyaOS/vendor/ln882h/toolchain/gcc-arm-none-eabi-10-2020-q4-major/bin/../lib/gcc/arm-none-eabi/10.2.1/thumb/v7e-m+fp/hard/crtend.o
                0x0000000020004644                __text_end__ = .

.glue_7         0x0000000020004644        0x0 load address 0x0000000000004644
 .glue_7        0x0000000020004644        0x0 linker stubs

.glue_7t        0x0000000020004644        0x0 load address 0x0000000000004644
 .glue_7t       0x0000000020004644        0x0 linker stubs

.vfp11_veneer   0x0000000020004644        0x0 load address 0x0000000000004644
 .vfp11_veneer  0x0000000020004644        0x0 linker stubs

.v4_bx          0x0000000020004644        0x0 load address 0x0000000000004644
 .v4_bx         0x0000000020004644        0x0 linker stubs

.iplt           0x0000000020004644        0x0 load address 0x0000000000004644
 .iplt          0x0000000020004644        0x0 /home/mingjun/work/tuyaos_update/TuyaOS/vendor/ln882h/toolchain/gcc-arm-none-eabi-10-2020-q4-major/bin/../lib/gcc/arm-none-eabi/10.2.1/thumb/v7e-m+fp/hard/crtbegin.o

.igot.plt       0x0000000020004644        0x0 load address 0x0000000000004644
 .igot.plt      0x0000000020004644        0x0 /home/mingjun/work/tuyaos_update/TuyaOS/vendor/ln882h/toolchain/gcc-arm-none-eabi-10-2020-q4-major/bin/../lib/gcc/arm-none-eabi/10.2.1/thumb/v7e-m+fp/hard/crtbegin.o

.rel.dyn        0x0000000020004644        0x0 load address 0x0000000000004644
 .rel.iplt      0x0000000020004644        0x0 /home/mingjun/work/tuyaos_update/TuyaOS/vendor/ln882h/toolchain/gcc-arm-none-eabi-10-2020-q4-major/bin/../lib/gcc/arm-none-eabi/10.2.1/thumb/v7e-m+fp/hard/crtbegin.o

.stack_dummy    0x0000000020004644     0xb9bc load address 0x0000000020010000
                0x0000000020010000                . = ALIGN (0x10000)
 *fill*         0x0000000020004644     0xb9bc 
                [!provide]                        PROVIDE (__stack_start__ = .)
 *(.stack*)
                0x0000000020010000                PROVIDE (__c_stack_top__ = .)
                [!provide]                        PROVIDE (__stack_end__ = .)
                0x0000000020010000                __etext = ALIGN (0x4)

.bss_ram0       0x0000000020004644    0x24ea4
                0x0000000020010000                . = ALIGN (0x10000)
 *fill*         0x0000000020004644     0xb9bc 
                0x0000000020010000                . = ALIGN (0x4)
 *(.bss*)
 .bss           0x0000000020010000       0x1c /home/mingjun/work/tuyaos_update/TuyaOS/vendor/ln882h/toolchain/gcc-arm-none-eabi-10-2020-q4-major/bin/../lib/gcc/arm-none-eabi/10.2.1/thumb/v7e-m+fp/hard/crtbegin.o
 .bss.hal_clock_ahb_clk
                0x000000002001001c        0x4 output/hal_clock.o
                0x000000002001001c                hal_clock_ahb_clk
 .bss.hal_clock_apb0_clk
                0x0000000020010020        0x4 output/hal_clock.o
                0x0000000020010020                hal_clock_apb0_clk
 .bss.hal_clock_clk_src
                0x0000000020010024        0x1 output/hal_clock.o
                0x0000000020010024                hal_clock_clk_src
 *fill*         0x0000000020010025        0x3 
 .bss.hal_clock_core_clk
                0x0000000020010028        0x4 output/hal_clock.o
                0x0000000020010028                hal_clock_core_clk
 .bss.g_conf    0x000000002001002c        0x4 output/tuya_boot_conf.o
 .bss.g_item_cnt
                0x0000000020010030        0x4 output/tuya_boot_conf.o
 .bss.g_flash_table
                0x0000000020010034        0x4 output/tuya_boot_flash_table.o
 .bss.g_item_num
                0x0000000020010038        0x1 output/tuya_boot_flash_table.o
 *fill*         0x0000000020010039        0x3 
 .bss.g_param_address
                0x000000002001003c        0x4 output/tuya_boot_main.o
 .bss.b         0x0000000020010040        0x4 output/tuya_boot_ota.o
 .bss.dest      0x0000000020010044        0x4 output/tuya_boot_ota.o
 .bss.header    0x0000000020010048        0x4 output/tuya_boot_ota.o
 .bss.s         0x000000002001004c        0x4 output/tuya_boot_ota.o
 .bss.g_perp    0x0000000020010050        0x4 output/tuya_boot_perip_handle.o
 .bss.pxEnd     0x0000000020010054        0x4 output/heap_4.o
 .bss.ucHeap    0x0000000020010058    0x19000 output/heap_4.o
 .bss.xBlockAllocatedBit
                0x0000000020029058        0x4 output/heap_4.o
 .bss.xFreeBytesRemaining
                0x000000002002905c        0x4 output/heap_4.o
 .bss.xMinimumEverFreeBytesRemaining
                0x0000000020029060        0x4 output/heap_4.o
 .bss.xNumberOfSuccessfulAllocations
                0x0000000020029064        0x4 output/heap_4.o
 .bss.xNumberOfSuccessfulFrees
                0x0000000020029068        0x4 output/heap_4.o
 .bss.xStart    0x000000002002906c        0x8 output/heap_4.o
 .bss.xz_crc32_table
                0x0000000020029074      0x400 output/xz_crc32.o
 .bss.g_uart0   0x0000000020029474       0x10 output/port_platform.o
 .bss.log_buf   0x0000000020029484       0x64 output/port_platform.o
 *(COMMON)
                0x00000000200294e8                . = ALIGN (0x4)
                0x00000000200294e8                __bss_ram0_end__ = .
                0x0000000020004644                __bss_ram0_start__ = LOADADDR (.bss_ram0)
                0x0000000000024ea4                __bss_ram0_size__ = SIZEOF (.bss_ram0)

.no_init_data   0x00000000200294e8        0x8
                0x00000000200294e8                . = ALIGN (0x4)
 *(.no_init_data)
 .no_init_data  0x00000000200294e8        0x8 output/reboot_trace.o
 *(.noinit .noinit.*)
                0x00000000200294f0                . = ALIGN (0x4)
                0x00000000200294f0                __retention_start__ = .
 *(retention_data)
                0x00000000200294f0                . = ALIGN (0x4)
                0x00000000200294f0                __retention_end__ = .

.ARM.extab
 *(.ARM.extab*)

.ARM.exidx
 *(.ARM.exidx*)

/DISCARD/
 *(.ARM.exidx.exit.text)
 *(.ARM.extab.exit.text)
 *(.ARM.exidx.devexit.text)
 *(.ARM.extab.devexit.text)
                0x0000000020010000                PROVIDE (__StackTop = __c_stack_top__)
                [!provide]                        PROVIDE (__StackLimit = __stack_start__)
                0x0000000020010000                PROVIDE (__stack = __StackTop)
                [!provide]                        PROVIDE (end = heap0_start)
                0x00000000200294e8                PROVIDE (heap0_start = __bss_ram0_end__)
                0x0000000020040000                PROVIDE (heap0_end = (ORIGIN (RAM0) + LENGTH (RAM0)))
                [!provide]                        PROVIDE (heap0_len = (heap0_end - heap0_start))
                0x0000000000000001                ASSERT ((heap0_start < heap0_end), region RAM0 overflowed with .bss)
OUTPUT(output/tuya_bootloader.elf elf32-littlearm)
LOAD linker stubs

.ARM.attributes
                0x0000000000000000       0x30
 .ARM.attributes
                0x0000000000000000       0x1e /home/mingjun/work/tuyaos_update/TuyaOS/vendor/ln882h/toolchain/gcc-arm-none-eabi-10-2020-q4-major/bin/../lib/gcc/arm-none-eabi/10.2.1/thumb/v7e-m+fp/hard/crti.o
 .ARM.attributes
                0x000000000000001e       0x34 /home/mingjun/work/tuyaos_update/TuyaOS/vendor/ln882h/toolchain/gcc-arm-none-eabi-10-2020-q4-major/bin/../lib/gcc/arm-none-eabi/10.2.1/thumb/v7e-m+fp/hard/crtbegin.o
 .ARM.attributes
                0x0000000000000052       0x34 output/hal_cache.o
 .ARM.attributes
                0x0000000000000086       0x34 output/hal_flash.o
 .ARM.attributes
                0x00000000000000ba       0x34 output/hal_qspi.o
 .ARM.attributes
                0x00000000000000ee       0x34 output/reboot_trace.o
 .ARM.attributes
                0x0000000000000122       0x34 output/hal_clock.o
 .ARM.attributes
                0x0000000000000156       0x34 output/hal_gpio.o
 .ARM.attributes
                0x000000000000018a       0x34 output/hal_misc.o
 .ARM.attributes
                0x00000000000001be       0x34 output/hal_uart.o
 .ARM.attributes
                0x00000000000001f2       0x34 output/system_ln882h.o
 .ARM.attributes
                0x0000000000000226       0x34 output/tuya_boot_check.o
 .ARM.attributes
                0x000000000000025a       0x34 output/tuya_boot_conf.o
 .ARM.attributes
                0x000000000000028e       0x34 output/tuya_boot_flash_table.o
 .ARM.attributes
                0x00000000000002c2       0x34 output/tuya_boot_jump.o
 .ARM.attributes
                0x00000000000002f6       0x34 output/tuya_boot_main.o
 .ARM.attributes
                0x000000000000032a       0x34 output/tuya_boot_ota.o
 .ARM.attributes
                0x000000000000035e       0x34 output/tuya_boot_perip_handle.o
 .ARM.attributes
                0x0000000000000392       0x34 output/heap_4.o
 .ARM.attributes
                0x00000000000003c6       0x34 output/newlib_stub.o
 .ARM.attributes
                0x00000000000003fa       0x34 output/adapter_mem.o
 .ARM.attributes
                0x000000000000042e       0x34 output/xz_crc32.o
 .ARM.attributes
                0x0000000000000462       0x34 output/xz_dec_lzma2.o
 .ARM.attributes
                0x0000000000000496       0x34 output/xz_dec_stream.o
 .ARM.attributes
                0x00000000000004ca       0x34 output/port_platform.o
 .ARM.attributes
                0x00000000000004fe       0x34 output/startup_ln882h_gcc.o
 .ARM.attributes
                0x0000000000000532       0x34 output/port_peripheral.o
 .ARM.attributes
                0x0000000000000566       0x32 /home/mingjun/work/tuyaos_update/TuyaOS/vendor/ln882h/toolchain/gcc-arm-none-eabi-10-2020-q4-major/bin/../lib/gcc/arm-none-eabi/10.2.1/../../../../arm-none-eabi/lib/thumb/v7e-m+fp/hard/libc_nano.a(lib_a-impure.o)
 .ARM.attributes
                0x0000000000000598       0x34 /home/mingjun/work/tuyaos_update/TuyaOS/vendor/ln882h/toolchain/gcc-arm-none-eabi-10-2020-q4-major/bin/../lib/gcc/arm-none-eabi/10.2.1/../../../../arm-none-eabi/lib/thumb/v7e-m+fp/hard/libc_nano.a(lib_a-malloc.o)
 .ARM.attributes
                0x00000000000005cc       0x34 /home/mingjun/work/tuyaos_update/TuyaOS/vendor/ln882h/toolchain/gcc-arm-none-eabi-10-2020-q4-major/bin/../lib/gcc/arm-none-eabi/10.2.1/../../../../arm-none-eabi/lib/thumb/v7e-m+fp/hard/libc_nano.a(lib_a-memcmp.o)
 .ARM.attributes
                0x0000000000000600       0x34 /home/mingjun/work/tuyaos_update/TuyaOS/vendor/ln882h/toolchain/gcc-arm-none-eabi-10-2020-q4-major/bin/../lib/gcc/arm-none-eabi/10.2.1/../../../../arm-none-eabi/lib/thumb/v7e-m+fp/hard/libc_nano.a(lib_a-memcpy-stub.o)
 .ARM.attributes
                0x0000000000000634       0x34 /home/mingjun/work/tuyaos_update/TuyaOS/vendor/ln882h/toolchain/gcc-arm-none-eabi-10-2020-q4-major/bin/../lib/gcc/arm-none-eabi/10.2.1/../../../../arm-none-eabi/lib/thumb/v7e-m+fp/hard/libc_nano.a(lib_a-memmove.o)
 .ARM.attributes
                0x0000000000000668       0x34 /home/mingjun/work/tuyaos_update/TuyaOS/vendor/ln882h/toolchain/gcc-arm-none-eabi-10-2020-q4-major/bin/../lib/gcc/arm-none-eabi/10.2.1/../../../../arm-none-eabi/lib/thumb/v7e-m+fp/hard/libc_nano.a(lib_a-memset.o)
 .ARM.attributes
                0x000000000000069c       0x1c /home/mingjun/work/tuyaos_update/TuyaOS/vendor/ln882h/toolchain/gcc-arm-none-eabi-10-2020-q4-major/bin/../lib/gcc/arm-none-eabi/10.2.1/../../../../arm-none-eabi/lib/thumb/v7e-m+fp/hard/libc_nano.a(lib_a-strcmp.o)
 .ARM.attributes
                0x00000000000006b8       0x34 /home/mingjun/work/tuyaos_update/TuyaOS/vendor/ln882h/toolchain/gcc-arm-none-eabi-10-2020-q4-major/bin/../lib/gcc/arm-none-eabi/10.2.1/../../../../arm-none-eabi/lib/thumb/v7e-m+fp/hard/libc_nano.a(lib_a-strncmp.o)
 .ARM.attributes
                0x00000000000006ec       0x34 /home/mingjun/work/tuyaos_update/TuyaOS/vendor/ln882h/toolchain/gcc-arm-none-eabi-10-2020-q4-major/bin/../lib/gcc/arm-none-eabi/10.2.1/../../../../arm-none-eabi/lib/thumb/v7e-m+fp/hard/libc_nano.a(lib_a-strtol.o)
 .ARM.attributes
                0x0000000000000720       0x34 /home/mingjun/work/tuyaos_update/TuyaOS/vendor/ln882h/toolchain/gcc-arm-none-eabi-10-2020-q4-major/bin/../lib/gcc/arm-none-eabi/10.2.1/../../../../arm-none-eabi/lib/thumb/v7e-m+fp/hard/libc_nano.a(lib_a-vsnprintf.o)
 .ARM.attributes
                0x0000000000000754       0x32 /home/mingjun/work/tuyaos_update/TuyaOS/vendor/ln882h/toolchain/gcc-arm-none-eabi-10-2020-q4-major/bin/../lib/gcc/arm-none-eabi/10.2.1/../../../../arm-none-eabi/lib/thumb/v7e-m+fp/hard/libc_nano.a(lib_a-ctype_.o)
 .ARM.attributes
                0x0000000000000786       0x34 /home/mingjun/work/tuyaos_update/TuyaOS/vendor/ln882h/toolchain/gcc-arm-none-eabi-10-2020-q4-major/bin/../lib/gcc/arm-none-eabi/10.2.1/../../../../arm-none-eabi/lib/thumb/v7e-m+fp/hard/libc_nano.a(lib_a-errno.o)
 .ARM.attributes
                0x00000000000007ba       0x34 /home/mingjun/work/tuyaos_update/TuyaOS/vendor/ln882h/toolchain/gcc-arm-none-eabi-10-2020-q4-major/bin/../lib/gcc/arm-none-eabi/10.2.1/../../../../arm-none-eabi/lib/thumb/v7e-m+fp/hard/libc_nano.a(lib_a-nano-svfprintf.o)
 .ARM.attributes
                0x00000000000007ee       0x34 /home/mingjun/work/tuyaos_update/TuyaOS/vendor/ln882h/toolchain/gcc-arm-none-eabi-10-2020-q4-major/bin/../lib/gcc/arm-none-eabi/10.2.1/../../../../arm-none-eabi/lib/thumb/v7e-m+fp/hard/libc_nano.a(lib_a-nano-vfprintf_i.o)
 .ARM.attributes
                0x0000000000000822       0x1c /home/mingjun/work/tuyaos_update/TuyaOS/vendor/ln882h/toolchain/gcc-arm-none-eabi-10-2020-q4-major/bin/../lib/gcc/arm-none-eabi/10.2.1/../../../../arm-none-eabi/lib/thumb/v7e-m+fp/hard/libc_nano.a(lib_a-memchr.o)
 .ARM.attributes
                0x000000000000083e       0x32 /home/mingjun/work/tuyaos_update/TuyaOS/vendor/ln882h/toolchain/gcc-arm-none-eabi-10-2020-q4-major/bin/../lib/gcc/arm-none-eabi/10.2.1/thumb/v7e-m+fp/hard/crtend.o
 .ARM.attributes
                0x0000000000000870       0x1e /home/mingjun/work/tuyaos_update/TuyaOS/vendor/ln882h/toolchain/gcc-arm-none-eabi-10-2020-q4-major/bin/../lib/gcc/arm-none-eabi/10.2.1/thumb/v7e-m+fp/hard/crtn.o

.comment        0x0000000000000000       0x4d
 .comment       0x0000000000000000       0x4d output/hal_cache.o
                                         0x4e (size before relaxing)
 .comment       0x000000000000004d       0x4e output/hal_flash.o
 .comment       0x000000000000004d       0x4e output/hal_qspi.o
 .comment       0x000000000000004d       0x4e output/reboot_trace.o
 .comment       0x000000000000004d       0x4e output/hal_clock.o
 .comment       0x000000000000004d       0x4e output/hal_gpio.o
 .comment       0x000000000000004d       0x4e output/hal_misc.o
 .comment       0x000000000000004d       0x4e output/hal_uart.o
 .comment       0x000000000000004d       0x4e output/system_ln882h.o
 .comment       0x000000000000004d       0x4e output/tuya_boot_check.o
 .comment       0x000000000000004d       0x4e output/tuya_boot_conf.o
 .comment       0x000000000000004d       0x4e output/tuya_boot_flash_table.o
 .comment       0x000000000000004d       0x4e output/tuya_boot_jump.o
 .comment       0x000000000000004d       0x4e output/tuya_boot_main.o
 .comment       0x000000000000004d       0x4e output/tuya_boot_ota.o
 .comment       0x000000000000004d       0x4e output/tuya_boot_perip_handle.o
 .comment       0x000000000000004d       0x4e output/heap_4.o
 .comment       0x000000000000004d       0x4e output/newlib_stub.o
 .comment       0x000000000000004d       0x4e output/adapter_mem.o
 .comment       0x000000000000004d       0x4e output/xz_crc32.o
 .comment       0x000000000000004d       0x4e output/xz_dec_lzma2.o
 .comment       0x000000000000004d       0x4e output/xz_dec_stream.o
 .comment       0x000000000000004d       0x4e output/port_platform.o
 .comment       0x000000000000004d       0x4e output/startup_ln882h_gcc.o
 .comment       0x000000000000004d       0x4e output/port_peripheral.o

.debug_frame    0x0000000000000000      0x2d0
 .debug_frame   0x0000000000000000       0x30 /home/mingjun/work/tuyaos_update/TuyaOS/vendor/ln882h/toolchain/gcc-arm-none-eabi-10-2020-q4-major/bin/../lib/gcc/arm-none-eabi/10.2.1/../../../../arm-none-eabi/lib/thumb/v7e-m+fp/hard/libc_nano.a(lib_a-malloc.o)
 .debug_frame   0x0000000000000030       0x28 /home/mingjun/work/tuyaos_update/TuyaOS/vendor/ln882h/toolchain/gcc-arm-none-eabi-10-2020-q4-major/bin/../lib/gcc/arm-none-eabi/10.2.1/../../../../arm-none-eabi/lib/thumb/v7e-m+fp/hard/libc_nano.a(lib_a-memcmp.o)
 .debug_frame   0x0000000000000058       0x28 /home/mingjun/work/tuyaos_update/TuyaOS/vendor/ln882h/toolchain/gcc-arm-none-eabi-10-2020-q4-major/bin/../lib/gcc/arm-none-eabi/10.2.1/../../../../arm-none-eabi/lib/thumb/v7e-m+fp/hard/libc_nano.a(lib_a-memcpy-stub.o)
 .debug_frame   0x0000000000000080       0x28 /home/mingjun/work/tuyaos_update/TuyaOS/vendor/ln882h/toolchain/gcc-arm-none-eabi-10-2020-q4-major/bin/../lib/gcc/arm-none-eabi/10.2.1/../../../../arm-none-eabi/lib/thumb/v7e-m+fp/hard/libc_nano.a(lib_a-memmove.o)
 .debug_frame   0x00000000000000a8       0x20 /home/mingjun/work/tuyaos_update/TuyaOS/vendor/ln882h/toolchain/gcc-arm-none-eabi-10-2020-q4-major/bin/../lib/gcc/arm-none-eabi/10.2.1/../../../../arm-none-eabi/lib/thumb/v7e-m+fp/hard/libc_nano.a(lib_a-memset.o)
 .debug_frame   0x00000000000000c8       0x20 /home/mingjun/work/tuyaos_update/TuyaOS/vendor/ln882h/toolchain/gcc-arm-none-eabi-10-2020-q4-major/bin/../lib/gcc/arm-none-eabi/10.2.1/../../../../arm-none-eabi/lib/thumb/v7e-m+fp/hard/libc_nano.a(lib_a-strcmp.o)
 .debug_frame   0x00000000000000e8       0x28 /home/mingjun/work/tuyaos_update/TuyaOS/vendor/ln882h/toolchain/gcc-arm-none-eabi-10-2020-q4-major/bin/../lib/gcc/arm-none-eabi/10.2.1/../../../../arm-none-eabi/lib/thumb/v7e-m+fp/hard/libc_nano.a(lib_a-strncmp.o)
 .debug_frame   0x0000000000000110       0x64 /home/mingjun/work/tuyaos_update/TuyaOS/vendor/ln882h/toolchain/gcc-arm-none-eabi-10-2020-q4-major/bin/../lib/gcc/arm-none-eabi/10.2.1/../../../../arm-none-eabi/lib/thumb/v7e-m+fp/hard/libc_nano.a(lib_a-strtol.o)
 .debug_frame   0x0000000000000174       0x4c /home/mingjun/work/tuyaos_update/TuyaOS/vendor/ln882h/toolchain/gcc-arm-none-eabi-10-2020-q4-major/bin/../lib/gcc/arm-none-eabi/10.2.1/../../../../arm-none-eabi/lib/thumb/v7e-m+fp/hard/libc_nano.a(lib_a-vsnprintf.o)
 .debug_frame   0x00000000000001c0       0x20 /home/mingjun/work/tuyaos_update/TuyaOS/vendor/ln882h/toolchain/gcc-arm-none-eabi-10-2020-q4-major/bin/../lib/gcc/arm-none-eabi/10.2.1/../../../../arm-none-eabi/lib/thumb/v7e-m+fp/hard/libc_nano.a(lib_a-errno.o)
 .debug_frame   0x00000000000001e0       0x90 /home/mingjun/work/tuyaos_update/TuyaOS/vendor/ln882h/toolchain/gcc-arm-none-eabi-10-2020-q4-major/bin/../lib/gcc/arm-none-eabi/10.2.1/../../../../arm-none-eabi/lib/thumb/v7e-m+fp/hard/libc_nano.a(lib_a-nano-svfprintf.o)
 .debug_frame   0x0000000000000270       0x60 /home/mingjun/work/tuyaos_update/TuyaOS/vendor/ln882h/toolchain/gcc-arm-none-eabi-10-2020-q4-major/bin/../lib/gcc/arm-none-eabi/10.2.1/../../../../arm-none-eabi/lib/thumb/v7e-m+fp/hard/libc_nano.a(lib_a-nano-vfprintf_i.o)

Cross Reference Table

Symbol                                            File
ADC_IRQHandler                                    output/startup_ln882h_gcc.o
ADV_TIMER_IRQHandler                              output/startup_ln882h_gcc.o
AES_IRQHandler                                    output/startup_ln882h_gcc.o
BLE_ERR_IRQHandler                                output/startup_ln882h_gcc.o
BLE_MAC_IRQHandler                                output/startup_ln882h_gcc.o
BLE_WAKE_IRQHandler                               output/startup_ln882h_gcc.o
BusFault_Handler                                  output/startup_ln882h_gcc.o
CM4_FPDZC_IRQHandler                              output/startup_ln882h_gcc.o
CM4_FPIDC_IRQHandler                              output/startup_ln882h_gcc.o
CM4_FPIOC_IRQHandler                              output/startup_ln882h_gcc.o
CM4_FPIXC_IRQHandler                              output/startup_ln882h_gcc.o
CM4_FPOFC_IRQHandler                              output/startup_ln882h_gcc.o
CM4_FPUFC_IRQHandler                              output/startup_ln882h_gcc.o
DMA_IRQHandler                                    output/startup_ln882h_gcc.o
DebugMon_Handler                                  output/startup_ln882h_gcc.o
EXT_IRQHandler                                    output/startup_ln882h_gcc.o
GPIOA_IRQHandler                                  output/startup_ln882h_gcc.o
GPIOB_IRQHandler                                  output/startup_ln882h_gcc.o
HardFault_Handler                                 output/startup_ln882h_gcc.o
I2C_IRQHandler                                    output/startup_ln882h_gcc.o
I2S_IRQHandler                                    output/startup_ln882h_gcc.o
MAC_IRQHandler                                    output/startup_ln882h_gcc.o
MemManage_Handler                                 output/startup_ln882h_gcc.o
NMI_Handler                                       output/startup_ln882h_gcc.o
PAOTD_IRQHandler                                  output/startup_ln882h_gcc.o
PendSV_Handler                                    output/startup_ln882h_gcc.o
QSPI_IRQHandler                                   output/startup_ln882h_gcc.o
RFSLP_IRQHandler                                  output/startup_ln882h_gcc.o
RTC_IRQHandler                                    output/startup_ln882h_gcc.o
Reset_Handler                                     output/startup_ln882h_gcc.o
SDIO_F1_IRQHandler                                output/startup_ln882h_gcc.o
SDIO_F2_IRQHandler                                output/startup_ln882h_gcc.o
SDIO_F3_IRQHandler                                output/startup_ln882h_gcc.o
SPI0_IRQHandler                                   output/startup_ln882h_gcc.o
SPI1_IRQHandler                                   output/startup_ln882h_gcc.o
SVC_Handler                                       output/startup_ln882h_gcc.o
SetSysClock                                       output/system_ln882h.o
                                                  output/port_platform.o
SysTick_Handler                                   output/startup_ln882h_gcc.o
SystemCoreClock                                   output/system_ln882h.o
SystemCoreClockUpdate                             output/system_ln882h.o
SystemInit                                        output/system_ln882h.o
                                                  output/startup_ln882h_gcc.o
TIMER0_IRQHandler                                 output/startup_ln882h_gcc.o
TIMER1_IRQHandler                                 output/startup_ln882h_gcc.o
TIMER2_IRQHandler                                 output/startup_ln882h_gcc.o
TIMER3_IRQHandler                                 output/startup_ln882h_gcc.o
TRNG_IRQHandler                                   output/startup_ln882h_gcc.o
UART0_IRQHandler                                  output/startup_ln882h_gcc.o
UART1_IRQHandler                                  output/startup_ln882h_gcc.o
UART2_IRQHandler                                  output/startup_ln882h_gcc.o
UsageFault_Handler                                output/startup_ln882h_gcc.o
WDT_IRQHandler                                    output/startup_ln882h_gcc.o
WS_IRQHandler                                     output/startup_ln882h_gcc.o
__StackTop                                        output/startup_ln882h_gcc.o
__Vectors                                         output/startup_ln882h_gcc.o
                                                  output/system_ln882h.o
__aeabi_idiv0                                     /home/mingjun/work/tuyaos_update/TuyaOS/vendor/ln882h/toolchain/gcc-arm-none-eabi-10-2020-q4-major/bin/../lib/gcc/arm-none-eabi/10.2.1/thumb/v7e-m+fp/hard/libgcc.a(_dvmd_tls.o)
__aeabi_ldiv0                                     /home/mingjun/work/tuyaos_update/TuyaOS/vendor/ln882h/toolchain/gcc-arm-none-eabi-10-2020-q4-major/bin/../lib/gcc/arm-none-eabi/10.2.1/thumb/v7e-m+fp/hard/libgcc.a(_dvmd_tls.o)
                                                  /home/mingjun/work/tuyaos_update/TuyaOS/vendor/ln882h/toolchain/gcc-arm-none-eabi-10-2020-q4-major/bin/../lib/gcc/arm-none-eabi/10.2.1/thumb/v7e-m+fp/hard/libgcc.a(_aeabi_uldivmod.o)
__aeabi_uldivmod                                  /home/mingjun/work/tuyaos_update/TuyaOS/vendor/ln882h/toolchain/gcc-arm-none-eabi-10-2020-q4-major/bin/../lib/gcc/arm-none-eabi/10.2.1/thumb/v7e-m+fp/hard/libgcc.a(_aeabi_uldivmod.o)
                                                  output/bl_vsnprintf.o
__bss_end__                                       /home/mingjun/work/tuyaos_update/TuyaOS/vendor/ln882h/toolchain/gcc-arm-none-eabi-10-2020-q4-major/bin/../lib/gcc/arm-none-eabi/10.2.1/../../../../arm-none-eabi/lib/thumb/v7e-m+fp/hard/crt0.o
__bss_ram0_end__                                  output/startup_ln882h_gcc.o
__bss_ram0_start__                                output/startup_ln882h_gcc.o
__bss_start__                                     /home/mingjun/work/tuyaos_update/TuyaOS/vendor/ln882h/toolchain/gcc-arm-none-eabi-10-2020-q4-major/bin/../lib/gcc/arm-none-eabi/10.2.1/../../../../arm-none-eabi/lib/thumb/v7e-m+fp/hard/crt0.o
__call_exitprocs                                  /home/mingjun/work/tuyaos_update/TuyaOS/vendor/ln882h/toolchain/gcc-arm-none-eabi-10-2020-q4-major/bin/../lib/gcc/arm-none-eabi/10.2.1/../../../../arm-none-eabi/lib/thumb/v7e-m+fp/hard/libc_nano.a(lib_a-exit.o)
__deregister_frame_info                           /home/mingjun/work/tuyaos_update/TuyaOS/vendor/ln882h/toolchain/gcc-arm-none-eabi-10-2020-q4-major/bin/../lib/gcc/arm-none-eabi/10.2.1/thumb/v7e-m+fp/hard/crtbegin.o
__dso_handle                                      /home/mingjun/work/tuyaos_update/TuyaOS/vendor/ln882h/toolchain/gcc-arm-none-eabi-10-2020-q4-major/bin/../lib/gcc/arm-none-eabi/10.2.1/thumb/v7e-m+fp/hard/crtbegin.o
__errno                                           /home/mingjun/work/tuyaos_update/TuyaOS/vendor/ln882h/toolchain/gcc-arm-none-eabi-10-2020-q4-major/bin/../lib/gcc/arm-none-eabi/10.2.1/../../../../arm-none-eabi/lib/thumb/v7e-m+fp/hard/libc_nano.a(lib_a-errno.o)
                                                  /home/mingjun/work/tuyaos_update/TuyaOS/vendor/ln882h/toolchain/gcc-arm-none-eabi-10-2020-q4-major/bin/../lib/gcc/arm-none-eabi/10.2.1/../../../../arm-none-eabi/lib/thumb/v7e-m+fp/hard/libc_nano.a(lib_a-strtol.o)
__init_array_end                                  /home/mingjun/work/tuyaos_update/TuyaOS/vendor/ln882h/toolchain/gcc-arm-none-eabi-10-2020-q4-major/bin/../lib/gcc/arm-none-eabi/10.2.1/../../../../arm-none-eabi/lib/thumb/v7e-m+fp/hard/libc_nano.a(lib_a-init.o)
__init_array_start                                /home/mingjun/work/tuyaos_update/TuyaOS/vendor/ln882h/toolchain/gcc-arm-none-eabi-10-2020-q4-major/bin/../lib/gcc/arm-none-eabi/10.2.1/../../../../arm-none-eabi/lib/thumb/v7e-m+fp/hard/libc_nano.a(lib_a-init.o)
__libc_fini_array                                 /home/mingjun/work/tuyaos_update/TuyaOS/vendor/ln882h/toolchain/gcc-arm-none-eabi-10-2020-q4-major/bin/../lib/gcc/arm-none-eabi/10.2.1/../../../../arm-none-eabi/lib/thumb/v7e-m+fp/hard/crt0.o
__libc_init_array                                 /home/mingjun/work/tuyaos_update/TuyaOS/vendor/ln882h/toolchain/gcc-arm-none-eabi-10-2020-q4-major/bin/../lib/gcc/arm-none-eabi/10.2.1/../../../../arm-none-eabi/lib/thumb/v7e-m+fp/hard/libc_nano.a(lib_a-init.o)
                                                  /home/mingjun/work/tuyaos_update/TuyaOS/vendor/ln882h/toolchain/gcc-arm-none-eabi-10-2020-q4-major/bin/../lib/gcc/arm-none-eabi/10.2.1/../../../../arm-none-eabi/lib/thumb/v7e-m+fp/hard/crt0.o
__preinit_array_end                               /home/mingjun/work/tuyaos_update/TuyaOS/vendor/ln882h/toolchain/gcc-arm-none-eabi-10-2020-q4-major/bin/../lib/gcc/arm-none-eabi/10.2.1/../../../../arm-none-eabi/lib/thumb/v7e-m+fp/hard/libc_nano.a(lib_a-init.o)
__preinit_array_start                             /home/mingjun/work/tuyaos_update/TuyaOS/vendor/ln882h/toolchain/gcc-arm-none-eabi-10-2020-q4-major/bin/../lib/gcc/arm-none-eabi/10.2.1/../../../../arm-none-eabi/lib/thumb/v7e-m+fp/hard/libc_nano.a(lib_a-init.o)
__register_frame_info                             /home/mingjun/work/tuyaos_update/TuyaOS/vendor/ln882h/toolchain/gcc-arm-none-eabi-10-2020-q4-major/bin/../lib/gcc/arm-none-eabi/10.2.1/thumb/v7e-m+fp/hard/crtbegin.o
__sf_fake_stderr                                  /home/mingjun/work/tuyaos_update/TuyaOS/vendor/ln882h/toolchain/gcc-arm-none-eabi-10-2020-q4-major/bin/../lib/gcc/arm-none-eabi/10.2.1/../../../../arm-none-eabi/lib/thumb/v7e-m+fp/hard/libc_nano.a(lib_a-impure.o)
__sf_fake_stdin                                   /home/mingjun/work/tuyaos_update/TuyaOS/vendor/ln882h/toolchain/gcc-arm-none-eabi-10-2020-q4-major/bin/../lib/gcc/arm-none-eabi/10.2.1/../../../../arm-none-eabi/lib/thumb/v7e-m+fp/hard/libc_nano.a(lib_a-impure.o)
__sf_fake_stdout                                  /home/mingjun/work/tuyaos_update/TuyaOS/vendor/ln882h/toolchain/gcc-arm-none-eabi-10-2020-q4-major/bin/../lib/gcc/arm-none-eabi/10.2.1/../../../../arm-none-eabi/lib/thumb/v7e-m+fp/hard/libc_nano.a(lib_a-impure.o)
__sprintf                                         output/wrap_stdio.o
__ssprint_r                                       /home/mingjun/work/tuyaos_update/TuyaOS/vendor/ln882h/toolchain/gcc-arm-none-eabi-10-2020-q4-major/bin/../lib/gcc/arm-none-eabi/10.2.1/../../../../arm-none-eabi/lib/thumb/v7e-m+fp/hard/libc_nano.a(lib_a-nano-svfprintf.o)
__ssputs_r                                        /home/mingjun/work/tuyaos_update/TuyaOS/vendor/ln882h/toolchain/gcc-arm-none-eabi-10-2020-q4-major/bin/../lib/gcc/arm-none-eabi/10.2.1/../../../../arm-none-eabi/lib/thumb/v7e-m+fp/hard/libc_nano.a(lib_a-nano-svfprintf.o)
__stack                                           /home/mingjun/work/tuyaos_update/TuyaOS/vendor/ln882h/toolchain/gcc-arm-none-eabi-10-2020-q4-major/bin/../lib/gcc/arm-none-eabi/10.2.1/../../../../arm-none-eabi/lib/thumb/v7e-m+fp/hard/crt0.o
__udivmoddi4                                      /home/mingjun/work/tuyaos_update/TuyaOS/vendor/ln882h/toolchain/gcc-arm-none-eabi-10-2020-q4-major/bin/../lib/gcc/arm-none-eabi/10.2.1/thumb/v7e-m+fp/hard/libgcc.a(_udivmoddi4.o)
                                                  /home/mingjun/work/tuyaos_update/TuyaOS/vendor/ln882h/toolchain/gcc-arm-none-eabi-10-2020-q4-major/bin/../lib/gcc/arm-none-eabi/10.2.1/thumb/v7e-m+fp/hard/libgcc.a(_aeabi_uldivmod.o)
__wrap_sprintf                                    output/wrap_stdio.o
                                                  output/hal_common.o
                                                  output/log.o
__wrap_stdio_raw_data_flush                       output/wrap_stdio.o
_calloc_r                                         output/newlib_stub.o
_close_r                                          output/newlib_stub.o
_ctype_                                           /home/mingjun/work/tuyaos_update/TuyaOS/vendor/ln882h/toolchain/gcc-arm-none-eabi-10-2020-q4-major/bin/../lib/gcc/arm-none-eabi/10.2.1/../../../../arm-none-eabi/lib/thumb/v7e-m+fp/hard/libc_nano.a(lib_a-ctype_.o)
                                                  /home/mingjun/work/tuyaos_update/TuyaOS/vendor/ln882h/toolchain/gcc-arm-none-eabi-10-2020-q4-major/bin/../lib/gcc/arm-none-eabi/10.2.1/../../../../arm-none-eabi/lib/thumb/v7e-m+fp/hard/libc_nano.a(lib_a-strtol.o)
_execve_r                                         output/newlib_stub.o
_exit                                             output/newlib_stub.o
                                                  /home/mingjun/work/tuyaos_update/TuyaOS/vendor/ln882h/toolchain/gcc-arm-none-eabi-10-2020-q4-major/bin/../lib/gcc/arm-none-eabi/10.2.1/../../../../arm-none-eabi/lib/thumb/v7e-m+fp/hard/libc_nano.a(lib_a-exit.o)
_fcntl_r                                          output/newlib_stub.o
_fini                                             /home/mingjun/work/tuyaos_update/TuyaOS/vendor/ln882h/toolchain/gcc-arm-none-eabi-10-2020-q4-major/bin/../lib/gcc/arm-none-eabi/10.2.1/thumb/v7e-m+fp/hard/crti.o
_fork_r                                           output/newlib_stub.o
_free_r                                           output/newlib_stub.o
                                                  /home/mingjun/work/tuyaos_update/TuyaOS/vendor/ln882h/toolchain/gcc-arm-none-eabi-10-2020-q4-major/bin/../lib/gcc/arm-none-eabi/10.2.1/../../../../arm-none-eabi/lib/thumb/v7e-m+fp/hard/libc_nano.a(lib_a-nano-svfprintf.o)
                                                  /home/mingjun/work/tuyaos_update/TuyaOS/vendor/ln882h/toolchain/gcc-arm-none-eabi-10-2020-q4-major/bin/../lib/gcc/arm-none-eabi/10.2.1/../../../../arm-none-eabi/lib/thumb/v7e-m+fp/hard/libc_nano.a(lib_a-malloc.o)
_fstat_r                                          output/newlib_stub.o
_getpid_r                                         output/newlib_stub.o
_gettimeofday_r                                   output/newlib_stub.o
_global_impure_ptr                                /home/mingjun/work/tuyaos_update/TuyaOS/vendor/ln882h/toolchain/gcc-arm-none-eabi-10-2020-q4-major/bin/../lib/gcc/arm-none-eabi/10.2.1/../../../../arm-none-eabi/lib/thumb/v7e-m+fp/hard/libc_nano.a(lib_a-impure.o)
                                                  /home/mingjun/work/tuyaos_update/TuyaOS/vendor/ln882h/toolchain/gcc-arm-none-eabi-10-2020-q4-major/bin/../lib/gcc/arm-none-eabi/10.2.1/../../../../arm-none-eabi/lib/thumb/v7e-m+fp/hard/libc_nano.a(lib_a-exit.o)
_impure_ptr                                       /home/mingjun/work/tuyaos_update/TuyaOS/vendor/ln882h/toolchain/gcc-arm-none-eabi-10-2020-q4-major/bin/../lib/gcc/arm-none-eabi/10.2.1/../../../../arm-none-eabi/lib/thumb/v7e-m+fp/hard/libc_nano.a(lib_a-impure.o)
                                                  /home/mingjun/work/tuyaos_update/TuyaOS/vendor/ln882h/toolchain/gcc-arm-none-eabi-10-2020-q4-major/bin/../lib/gcc/arm-none-eabi/10.2.1/../../../../arm-none-eabi/lib/thumb/v7e-m+fp/hard/libc_nano.a(lib_a-errno.o)
                                                  /home/mingjun/work/tuyaos_update/TuyaOS/vendor/ln882h/toolchain/gcc-arm-none-eabi-10-2020-q4-major/bin/../lib/gcc/arm-none-eabi/10.2.1/../../../../arm-none-eabi/lib/thumb/v7e-m+fp/hard/libc_nano.a(lib_a-vsnprintf.o)
                                                  /home/mingjun/work/tuyaos_update/TuyaOS/vendor/ln882h/toolchain/gcc-arm-none-eabi-10-2020-q4-major/bin/../lib/gcc/arm-none-eabi/10.2.1/../../../../arm-none-eabi/lib/thumb/v7e-m+fp/hard/libc_nano.a(lib_a-strtol.o)
                                                  /home/mingjun/work/tuyaos_update/TuyaOS/vendor/ln882h/toolchain/gcc-arm-none-eabi-10-2020-q4-major/bin/../lib/gcc/arm-none-eabi/10.2.1/../../../../arm-none-eabi/lib/thumb/v7e-m+fp/hard/libc_nano.a(lib_a-malloc.o)
_init                                             /home/mingjun/work/tuyaos_update/TuyaOS/vendor/ln882h/toolchain/gcc-arm-none-eabi-10-2020-q4-major/bin/../lib/gcc/arm-none-eabi/10.2.1/thumb/v7e-m+fp/hard/crti.o
                                                  /home/mingjun/work/tuyaos_update/TuyaOS/vendor/ln882h/toolchain/gcc-arm-none-eabi-10-2020-q4-major/bin/../lib/gcc/arm-none-eabi/10.2.1/../../../../arm-none-eabi/lib/thumb/v7e-m+fp/hard/libc_nano.a(lib_a-init.o)
_isatty_r                                         output/newlib_stub.o
_kill_r                                           output/newlib_stub.o
_link_r                                           output/newlib_stub.o
_lseek_r                                          output/newlib_stub.o
_mainCRTStartup                                   /home/mingjun/work/tuyaos_update/TuyaOS/vendor/ln882h/toolchain/gcc-arm-none-eabi-10-2020-q4-major/bin/../lib/gcc/arm-none-eabi/10.2.1/../../../../arm-none-eabi/lib/thumb/v7e-m+fp/hard/crt0.o
_malloc_r                                         output/newlib_stub.o
                                                  /home/mingjun/work/tuyaos_update/TuyaOS/vendor/ln882h/toolchain/gcc-arm-none-eabi-10-2020-q4-major/bin/../lib/gcc/arm-none-eabi/10.2.1/../../../../arm-none-eabi/lib/thumb/v7e-m+fp/hard/libc_nano.a(lib_a-nano-svfprintf.o)
                                                  /home/mingjun/work/tuyaos_update/TuyaOS/vendor/ln882h/toolchain/gcc-arm-none-eabi-10-2020-q4-major/bin/../lib/gcc/arm-none-eabi/10.2.1/../../../../arm-none-eabi/lib/thumb/v7e-m+fp/hard/libc_nano.a(lib_a-malloc.o)
_mkdir_r                                          output/newlib_stub.o
_open_r                                           output/newlib_stub.o
_printf_common                                    /home/mingjun/work/tuyaos_update/TuyaOS/vendor/ln882h/toolchain/gcc-arm-none-eabi-10-2020-q4-major/bin/../lib/gcc/arm-none-eabi/10.2.1/../../../../arm-none-eabi/lib/thumb/v7e-m+fp/hard/libc_nano.a(lib_a-nano-vfprintf_i.o)
_printf_float                                     /home/mingjun/work/tuyaos_update/TuyaOS/vendor/ln882h/toolchain/gcc-arm-none-eabi-10-2020-q4-major/bin/../lib/gcc/arm-none-eabi/10.2.1/../../../../arm-none-eabi/lib/thumb/v7e-m+fp/hard/libc_nano.a(lib_a-nano-svfprintf.o)
_printf_i                                         /home/mingjun/work/tuyaos_update/TuyaOS/vendor/ln882h/toolchain/gcc-arm-none-eabi-10-2020-q4-major/bin/../lib/gcc/arm-none-eabi/10.2.1/../../../../arm-none-eabi/lib/thumb/v7e-m+fp/hard/libc_nano.a(lib_a-nano-vfprintf_i.o)
                                                  /home/mingjun/work/tuyaos_update/TuyaOS/vendor/ln882h/toolchain/gcc-arm-none-eabi-10-2020-q4-major/bin/../lib/gcc/arm-none-eabi/10.2.1/../../../../arm-none-eabi/lib/thumb/v7e-m+fp/hard/libc_nano.a(lib_a-nano-svfprintf.o)
_read_r                                           output/newlib_stub.o
_realloc_r                                        output/newlib_stub.o
                                                  /home/mingjun/work/tuyaos_update/TuyaOS/vendor/ln882h/toolchain/gcc-arm-none-eabi-10-2020-q4-major/bin/../lib/gcc/arm-none-eabi/10.2.1/../../../../arm-none-eabi/lib/thumb/v7e-m+fp/hard/libc_nano.a(lib_a-nano-svfprintf.o)
_rename_r                                         output/newlib_stub.o
_sbrk_r                                           output/newlib_stub.o
_stack_init                                       /home/mingjun/work/tuyaos_update/TuyaOS/vendor/ln882h/toolchain/gcc-arm-none-eabi-10-2020-q4-major/bin/../lib/gcc/arm-none-eabi/10.2.1/../../../../arm-none-eabi/lib/thumb/v7e-m+fp/hard/crt0.o
_start                                            /home/mingjun/work/tuyaos_update/TuyaOS/vendor/ln882h/toolchain/gcc-arm-none-eabi-10-2020-q4-major/bin/../lib/gcc/arm-none-eabi/10.2.1/../../../../arm-none-eabi/lib/thumb/v7e-m+fp/hard/crt0.o
_stat_r                                           output/newlib_stub.o
_strtol_r                                         /home/mingjun/work/tuyaos_update/TuyaOS/vendor/ln882h/toolchain/gcc-arm-none-eabi-10-2020-q4-major/bin/../lib/gcc/arm-none-eabi/10.2.1/../../../../arm-none-eabi/lib/thumb/v7e-m+fp/hard/libc_nano.a(lib_a-strtol.o)
_svfiprintf_r                                     /home/mingjun/work/tuyaos_update/TuyaOS/vendor/ln882h/toolchain/gcc-arm-none-eabi-10-2020-q4-major/bin/../lib/gcc/arm-none-eabi/10.2.1/../../../../arm-none-eabi/lib/thumb/v7e-m+fp/hard/libc_nano.a(lib_a-nano-svfprintf.o)
_svfprintf_r                                      /home/mingjun/work/tuyaos_update/TuyaOS/vendor/ln882h/toolchain/gcc-arm-none-eabi-10-2020-q4-major/bin/../lib/gcc/arm-none-eabi/10.2.1/../../../../arm-none-eabi/lib/thumb/v7e-m+fp/hard/libc_nano.a(lib_a-nano-svfprintf.o)
                                                  /home/mingjun/work/tuyaos_update/TuyaOS/vendor/ln882h/toolchain/gcc-arm-none-eabi-10-2020-q4-major/bin/../lib/gcc/arm-none-eabi/10.2.1/../../../../arm-none-eabi/lib/thumb/v7e-m+fp/hard/libc_nano.a(lib_a-vsnprintf.o)
_unlink_r                                         output/newlib_stub.o
_vsniprintf_r                                     /home/mingjun/work/tuyaos_update/TuyaOS/vendor/ln882h/toolchain/gcc-arm-none-eabi-10-2020-q4-major/bin/../lib/gcc/arm-none-eabi/10.2.1/../../../../arm-none-eabi/lib/thumb/v7e-m+fp/hard/libc_nano.a(lib_a-vsnprintf.o)
_vsnprintf                                        output/bl_vsnprintf.o
_vsnprintf_r                                      /home/mingjun/work/tuyaos_update/TuyaOS/vendor/ln882h/toolchain/gcc-arm-none-eabi-10-2020-q4-major/bin/../lib/gcc/arm-none-eabi/10.2.1/../../../../arm-none-eabi/lib/thumb/v7e-m+fp/hard/libc_nano.a(lib_a-vsnprintf.o)
_wait_r                                           output/newlib_stub.o
_write_r                                          output/newlib_stub.o
abort                                             output/newlib_stub.o
assert_failed                                     output/hal_common.o
atexit                                            /home/mingjun/work/tuyaos_update/TuyaOS/vendor/ln882h/toolchain/gcc-arm-none-eabi-10-2020-q4-major/bin/../lib/gcc/arm-none-eabi/10.2.1/../../../../arm-none-eabi/lib/thumb/v7e-m+fp/hard/crt0.o
bl_conf_init                                      output/tuya_boot_conf.o
                                                  output/tuya_boot_main.o
bl_do_upgrade                                     output/tuya_boot_ota.o
                                                  output/tuya_boot_main.o
bl_exec                                           output/tuya_boot_jump.o
                                                  output/tuya_boot_main.o
bl_exec_app                                       output/tuya_boot_jump.o
                                                  output/tuya_boot_main.o
bl_flash_table_init                               output/tuya_boot_flash_table.o
                                                  output/tuya_boot_main.o
bl_get_conf_val                                   output/tuya_boot_conf.o
                                                  output/tuya_boot_main.o
                                                  output/tuya_boot_flash_table.o
bl_lookup_flash_table                             output/tuya_boot_flash_table.o
                                                  output/tuya_boot_ota.o
                                                  output/tuya_boot_main.o
                                                  output/tuya_boot_jump.o
bl_memcmp                                         output/bl_memcmp.o
bl_peripheral_remove                              output/tuya_boot_perip_handle.o
                                                  output/tuya_boot_main.o
bl_peripheral_status_keep                         output/tuya_boot_perip_handle.o
                                                  output/tuya_boot_main.o
boot_info                                         output/port_platform.o
ecc_big_u8_to_little_u64                          output/ecdsa.o
ecc_gen_privkey                                   output/ecdsa.o
ecc_is_key_valid                                  output/ecdsa.o
ecc_is_pubkey_valid_partial                       output/ecdsa.o
ecc_make_pub_key                                  output/ecdsa.o
ecc_point_mult_shamir                             output/ecdsa.o
ecc_swap_digits                                   output/ecdsa.o
ecdsa_sign                                        output/ecdsa.o
ecdsa_verify                                      output/ecdsa.o
exit                                              /home/mingjun/work/tuyaos_update/TuyaOS/vendor/ln882h/toolchain/gcc-arm-none-eabi-10-2020-q4-major/bin/../lib/gcc/arm-none-eabi/10.2.1/../../../../arm-none-eabi/lib/thumb/v7e-m+fp/hard/libc_nano.a(lib_a-exit.o)
                                                  /home/mingjun/work/tuyaos_update/TuyaOS/vendor/ln882h/toolchain/gcc-arm-none-eabi-10-2020-q4-major/bin/../lib/gcc/arm-none-eabi/10.2.1/../../../../arm-none-eabi/lib/thumb/v7e-m+fp/hard/crt0.o
external_get_random_number                        output/ecdsa.o
flash_cache_disable                               output/hal_cache.o
                                                  output/port_peripheral.o
flash_cache_flush                                 output/hal_cache.o
flash_cache_flush_all                             output/hal_cache.o
flash_cache_init                                  output/hal_cache.o
                                                  output/port_platform.o
free                                              /home/mingjun/work/tuyaos_update/TuyaOS/vendor/ln882h/toolchain/gcc-arm-none-eabi-10-2020-q4-major/bin/../lib/gcc/arm-none-eabi/10.2.1/../../../../arm-none-eabi/lib/thumb/v7e-m+fp/hard/libc_nano.a(lib_a-malloc.o)
                                                  output/ecdsa.o
                                                  output/tuya_boot_perip_handle.o
                                                  output/tuya_boot_ota.o
get_SystemCoreClock                               output/system_ln882h.o
hal_clock_ahb_clk                                 output/hal_clock.o
hal_clock_apb0_clk                                output/hal_clock.o
hal_clock_clk_src                                 output/hal_clock.o
hal_clock_core_clk                                output/hal_clock.o
hal_clock_get_ahb_clk                             output/hal_clock.o
hal_clock_get_apb0_clk                            output/hal_clock.o
                                                  output/hal_uart.o
hal_clock_get_clk_src                             output/hal_clock.o
hal_clock_get_core_clk                            output/hal_clock.o
                                                  output/system_ln882h.o
hal_clock_init                                    output/hal_clock.o
                                                  output/system_ln882h.o
hal_clock_select_clk_src                          output/hal_clock.o
hal_clock_set_ahb_clk_div                         output/hal_clock.o
hal_clock_set_apb0_clk_div                        output/hal_clock.o
hal_clock_set_pll_clk_mul                         output/hal_clock.o
hal_dma_clr_it_flag                               output/hal_dma.o
hal_dma_clr_status_flag                           output/hal_dma.o
hal_dma_deinit                                    output/hal_dma.o
hal_dma_en                                        output/hal_dma.o
hal_dma_get_data_num                              output/hal_dma.o
hal_dma_get_it_flag                               output/hal_dma.o
hal_dma_get_status_flag                           output/hal_dma.o
hal_dma_init                                      output/hal_dma.o
hal_dma_it_cfg                                    output/hal_dma.o
hal_dma_set_data_num                              output/hal_dma.o
hal_dma_set_dir                                   output/hal_dma.o
hal_dma_set_mem_addr                              output/hal_dma.o
hal_dma_set_mem_inc_en                            output/hal_dma.o
hal_dma_set_mem_size                              output/hal_dma.o
hal_dma_set_p_addr                                output/hal_dma.o
hal_dma_set_p_inc_en                              output/hal_dma.o
hal_dma_set_p_size                                output/hal_dma.o
hal_dma_set_pri_lev                               output/hal_dma.o
hal_flash_chip_erase                              output/hal_flash.o
hal_flash_deinit                                  output/hal_flash.o
hal_flash_erase                                   output/hal_flash.o
                                                  output/port_peripheral.o
hal_flash_get_otp_state                           output/hal_flash.o
hal_flash_init                                    output/hal_flash.o
                                                  output/port_peripheral.o
hal_flash_lock_otp                                output/hal_flash.o
hal_flash_operation_wait                          output/hal_flash.o
hal_flash_program                                 output/hal_flash.o
                                                  output/port_peripheral.o
hal_flash_program_erase_resume                    output/hal_flash.o
hal_flash_program_erase_suspend                   output/hal_flash.o
hal_flash_quad_mode_enable                        output/hal_flash.o
                                                  output/port_platform.o
hal_flash_read                                    output/hal_flash.o
                                                  output/port_peripheral.o
hal_flash_read_by_cache                           output/hal_flash.o
hal_flash_read_device_id                          output/hal_flash.o
hal_flash_read_id                                 output/hal_flash.o
hal_flash_read_sr1                                output/hal_flash.o
hal_flash_read_sr2                                output/hal_flash.o
hal_flash_read_status                             output/hal_flash.o
hal_flash_read_unique_id                          output/hal_flash.o
hal_flash_security_area_erase                     output/hal_flash.o
hal_flash_security_area_program                   output/hal_flash.o
hal_flash_security_area_read                      output/hal_flash.o
hal_flash_write_disable                           output/hal_flash.o
hal_flash_write_enable                            output/hal_flash.o
hal_gpio_deinit                                   output/hal_gpio.o
hal_gpio_init                                     output/hal_gpio.o
hal_gpio_pin_afio_en                              output/hal_gpio.o
                                                  output/port_platform.o
hal_gpio_pin_afio_select                          output/hal_gpio.o
                                                  output/port_platform.o
hal_gpio_pin_clr_it_flag                          output/hal_gpio.o
hal_gpio_pin_direction_set                        output/hal_gpio.o
hal_gpio_pin_get_it_flag                          output/hal_gpio.o
hal_gpio_pin_input_read                           output/hal_gpio.o
hal_gpio_pin_it_cfg                               output/hal_gpio.o
hal_gpio_pin_it_en                                output/hal_gpio.o
hal_gpio_pin_mode_set                             output/hal_gpio.o
hal_gpio_pin_output_read                          output/hal_gpio.o
hal_gpio_pin_pull_set                             output/hal_gpio.o
hal_gpio_pin_read                                 output/hal_gpio.o
hal_gpio_pin_reset                                output/hal_gpio.o
hal_gpio_pin_set                                  output/hal_gpio.o
hal_gpio_pin_speed_set                            output/hal_gpio.o
hal_gpio_pin_toggle                               output/hal_gpio.o
hal_gpio_port_input_read                          output/hal_gpio.o
hal_gpio_port_output_read                         output/hal_gpio.o
hal_gpio_port_output_write                        output/hal_gpio.o
hal_misc_awo_get_bod_vth                          output/hal_misc.o
hal_misc_awo_get_clk_src_sel                      output/hal_misc.o
hal_misc_awo_get_dbg_host_en                      output/hal_misc.o
hal_misc_awo_get_en_bod                           output/hal_misc.o
hal_misc_awo_get_ext_inrp_en                      output/hal_misc.o
hal_misc_awo_get_ext_inrp_sense_0                 output/hal_misc.o
hal_misc_awo_get_ext_inrp_sense_1                 output/hal_misc.o
hal_misc_awo_get_ext_inrp_sense_2                 output/hal_misc.o
hal_misc_awo_get_ext_inrp_sense_3                 output/hal_misc.o
hal_misc_awo_get_ext_inrp_sense_4                 output/hal_misc.o
hal_misc_awo_get_ext_inrp_sense_5                 output/hal_misc.o
hal_misc_awo_get_ext_inrp_sense_6                 output/hal_misc.o
hal_misc_awo_get_ext_inrp_sense_7                 output/hal_misc.o
hal_misc_awo_get_ext_inrp_value_r                 output/hal_misc.o
hal_misc_awo_get_ext_rawinrp_value                output/hal_misc.o
hal_misc_awo_get_hclk_div_para_m1                 output/hal_misc.o
hal_misc_awo_get_i_boot_mode                      output/hal_misc.o
hal_misc_awo_get_i_rco32k_period_ns               output/hal_misc.o
hal_misc_awo_get_i_real_sleep_time_h              output/hal_misc.o
hal_misc_awo_get_i_real_sleep_time_l              output/hal_misc.o
hal_misc_awo_get_ldo15_1_vset                     output/hal_misc.o
hal_misc_awo_get_ldo18_1_vset                     output/hal_misc.o
hal_misc_awo_get_ldo18_2_vset                     output/hal_misc.o
hal_misc_awo_get_ldo18_3_vset                     output/hal_misc.o
hal_misc_awo_get_ldo18_4_vset                     output/hal_misc.o
hal_misc_awo_get_ldo18_pd_en                      output/hal_misc.o
hal_misc_awo_get_ldo18_phy_vset                   output/hal_misc.o
hal_misc_awo_get_ldo18_po_en                      output/hal_misc.o
hal_misc_awo_get_lp_mode_awo                      output/hal_misc.o
hal_misc_awo_get_o_clk_swc_dly                    output/hal_misc.o
hal_misc_awo_get_o_cpu_lockup_rst_mask            output/hal_misc.o
hal_misc_awo_get_o_cpu_rstreq_mask                output/hal_misc.o
hal_misc_awo_get_o_cpu_sleep_counter_bp           output/hal_misc.o
hal_misc_awo_get_o_cpu_sleep_inten                output/hal_misc.o
hal_misc_awo_get_o_cpu_sleep_time_h               output/hal_misc.o
hal_misc_awo_get_o_cpu_sleep_time_l               output/hal_misc.o
hal_misc_awo_get_o_cpucore_retreg_po              output/hal_misc.o
hal_misc_awo_get_o_digldo_debug_mode              output/hal_misc.o
hal_misc_awo_get_o_digldo_norvdd                  output/hal_misc.o
hal_misc_awo_get_o_digldo_retvdd                  output/hal_misc.o
hal_misc_awo_get_o_digpll_po                      output/hal_misc.o
hal_misc_awo_get_o_flash_mode                     output/hal_misc.o
hal_misc_awo_get_o_pad_rst_mask                   output/hal_misc.o
hal_misc_awo_get_o_pd_switch_intv                 output/hal_misc.o
hal_misc_awo_get_o_pdcmp_po                       output/hal_misc.o
hal_misc_awo_get_o_phy_pd_en                      output/hal_misc.o
hal_misc_awo_get_o_phy_po_en                      output/hal_misc.o
hal_misc_awo_get_o_pll_stb_dly                    output/hal_misc.o
hal_misc_awo_get_o_sdio_rstreq_mask               output/hal_misc.o
hal_misc_awo_get_o_sram_pd_en                     output/hal_misc.o
hal_misc_awo_get_o_sram_po_en                     output/hal_misc.o
hal_misc_awo_get_o_vdd11_h2l_dly                  output/hal_misc.o
hal_misc_awo_get_o_vdd11_l2h_dly                  output/hal_misc.o
hal_misc_awo_get_o_wdt_rst_mask                   output/hal_misc.o
hal_misc_awo_get_o_xtal40_stb_dly                 output/hal_misc.o
hal_misc_awo_get_pclk1_div_para_m1                output/hal_misc.o
hal_misc_awo_get_pin_is_inrp_src                  output/hal_misc.o
hal_misc_awo_get_pmu_enable                       output/hal_misc.o
hal_misc_awo_get_pmu_fsm                          output/hal_misc.o
hal_misc_awo_get_pmu_seq_time                     output/hal_misc.o